Component: ARM Compiler 5.06 update 6 (build 750) Tool: armlink [4d35ed]

==============================================================================

Section Cross References

    startup_stm32f103xb.o(RESET) refers to startup_stm32f103xb.o(STACK) for __initial_sp
    startup_stm32f103xb.o(RESET) refers to startup_stm32f103xb.o(.text) for Reset_Handler
    startup_stm32f103xb.o(RESET) refers to stm32f1xx_it.o(i.NMI_Handler) for NMI_Handler
    startup_stm32f103xb.o(RESET) refers to stm32f1xx_it.o(i.HardFault_Handler) for HardFault_Handler
    startup_stm32f103xb.o(RESET) refers to stm32f1xx_it.o(i.MemManage_Handler) for MemManage_Handler
    startup_stm32f103xb.o(RESET) refers to stm32f1xx_it.o(i.BusFault_Handler) for BusFault_Handler
    startup_stm32f103xb.o(RESET) refers to stm32f1xx_it.o(i.UsageFault_Handler) for UsageFault_Handler
    startup_stm32f103xb.o(RESET) refers to stm32f1xx_it.o(i.SVC_Handler) for SVC_Handler
    startup_stm32f103xb.o(RESET) refers to stm32f1xx_it.o(i.DebugMon_Handler) for DebugMon_Handler
    startup_stm32f103xb.o(RESET) refers to stm32f1xx_it.o(i.PendSV_Handler) for PendSV_Handler
    startup_stm32f103xb.o(RESET) refers to stm32f1xx_it.o(i.SysTick_Handler) for SysTick_Handler
    startup_stm32f103xb.o(RESET) refers to stm32f1xx_it.o(i.DMA1_Channel1_IRQHandler) for DMA1_Channel1_IRQHandler
    startup_stm32f103xb.o(RESET) refers to stm32f1xx_it.o(i.DMA1_Channel3_IRQHandler) for DMA1_Channel3_IRQHandler
    startup_stm32f103xb.o(RESET) refers to stm32f1xx_it.o(i.DMA1_Channel5_IRQHandler) for DMA1_Channel5_IRQHandler
    startup_stm32f103xb.o(RESET) refers to stm32f1xx_it.o(i.DMA1_Channel6_IRQHandler) for DMA1_Channel6_IRQHandler
    startup_stm32f103xb.o(RESET) refers to stm32f1xx_it.o(i.DMA1_Channel7_IRQHandler) for DMA1_Channel7_IRQHandler
    startup_stm32f103xb.o(RESET) refers to stm32f1xx_it.o(i.ADC1_2_IRQHandler) for ADC1_2_IRQHandler
    startup_stm32f103xb.o(RESET) refers to stm32f1xx_it.o(i.TIM2_IRQHandler) for TIM2_IRQHandler
    startup_stm32f103xb.o(RESET) refers to stm32f1xx_it.o(i.TIM3_IRQHandler) for TIM3_IRQHandler
    startup_stm32f103xb.o(RESET) refers to stm32f1xx_it.o(i.USART1_IRQHandler) for USART1_IRQHandler
    startup_stm32f103xb.o(RESET) refers to stm32f1xx_it.o(i.USART2_IRQHandler) for USART2_IRQHandler
    startup_stm32f103xb.o(RESET) refers to stm32f1xx_it.o(i.USART3_IRQHandler) for USART3_IRQHandler
    startup_stm32f103xb.o(.text) refers to system_stm32f1xx.o(i.SystemInit) for SystemInit
    startup_stm32f103xb.o(.text) refers to entry.o(.ARM.Collect$$$$00000000) for __main
    main.o(i.SystemClock_Config) refers to memseta.o(.text) for __aeabi_memclr4
    main.o(i.SystemClock_Config) refers to stm32f1xx_hal_rcc.o(i.HAL_RCC_OscConfig) for HAL_RCC_OscConfig
    main.o(i.SystemClock_Config) refers to stm32f1xx_hal_rcc.o(i.HAL_RCC_ClockConfig) for HAL_RCC_ClockConfig
    main.o(i.SystemClock_Config) refers to stm32f1xx_hal_rcc_ex.o(i.HAL_RCCEx_PeriphCLKConfig) for HAL_RCCEx_PeriphCLKConfig
    main.o(i.main) refers to stm32f1xx_hal.o(i.HAL_Init) for HAL_Init
    main.o(i.main) refers to main.o(i.SystemClock_Config) for SystemClock_Config
    main.o(i.main) refers to gpio.o(i.MX_GPIO_Init) for MX_GPIO_Init
    main.o(i.main) refers to dma.o(i.MX_DMA_Init) for MX_DMA_Init
    main.o(i.main) refers to usart.o(i.MX_USART1_UART_Init) for MX_USART1_UART_Init
    main.o(i.main) refers to adc.o(i.MX_ADC1_Init) for MX_ADC1_Init
    main.o(i.main) refers to tim.o(i.MX_TIM2_Init) for MX_TIM2_Init
    main.o(i.main) refers to tim.o(i.MX_TIM4_Init) for MX_TIM4_Init
    main.o(i.main) refers to tim.o(i.MX_TIM3_Init) for MX_TIM3_Init
    main.o(i.main) refers to tim.o(i.MX_TIM1_Init) for MX_TIM1_Init
    main.o(i.main) refers to usart.o(i.MX_USART2_UART_Init) for MX_USART2_UART_Init
    main.o(i.main) refers to usart.o(i.MX_USART3_UART_Init) for MX_USART3_UART_Init
    main.o(i.main) refers to stm32f1xx_hal_cortex.o(i.HAL_NVIC_SetPriority) for HAL_NVIC_SetPriority
    main.o(i.main) refers to stm32f1xx_hal_cortex.o(i.HAL_NVIC_EnableIRQ) for HAL_NVIC_EnableIRQ
    main.o(i.main) refers to tcrt5000.o(i.Start_ADC_Conversion) for Start_ADC_Conversion
    main.o(i.main) refers to printfa.o(i.__0printf) for __2printf
    main.o(i.main) refers to tcp.o(i.TCP_Init) for TCP_Init
    main.o(i.main) refers to stm32f1xx_hal.o(i.HAL_Delay) for HAL_Delay
    main.o(i.main) refers to stm32f1xx_hal_uart.o(i.HAL_UART_Transmit_IT) for HAL_UART_Transmit_IT
    main.o(i.main) refers to car.o(i.Fire_Warning) for Fire_Warning
    main.o(i.main) refers to car.o(i.Motor_Control) for Motor_Control
    main.o(i.main) refers to tcrt5000.o(i.ADC_Output) for ADC_Output
    main.o(i.main) refers to usart.o(.bss) for huart3
    main.o(i.main) refers to car.o(.data) for currentMode
    gpio.o(i.MX_GPIO_Init) refers to stm32f1xx_hal_gpio.o(i.HAL_GPIO_WritePin) for HAL_GPIO_WritePin
    gpio.o(i.MX_GPIO_Init) refers to stm32f1xx_hal_gpio.o(i.HAL_GPIO_Init) for HAL_GPIO_Init
[...]
    ../fplib/microlib/fpmul.c                0x00000000   Number         0  fmul.o ABSOLUTE
    ../fplib/microlib/fpmul.c                0x00000000   Number         0  dmul.o ABSOLUTE
    ../fplib/microlib/fpscalb.c              0x00000000   Number         0  dscalb.o ABSOLUTE
    ..\Core\Src\adc.c                        0x00000000   Number         0  adc.o ABSOLUTE
    ..\Core\Src\dma.c                        0x00000000   Number         0  dma.o ABSOLUTE
    ..\Core\Src\gpio.c                       0x00000000   Number         0  gpio.o ABSOLUTE
    ..\Core\Src\main.c                       0x00000000   Number         0  main.o ABSOLUTE
    ..\Core\Src\stm32f1xx_hal_msp.c          0x00000000   Number         0  stm32f1xx_hal_msp.o ABSOLUTE
    ..\Core\Src\stm32f1xx_it.c               0x00000000   Number         0  stm32f1xx_it.o ABSOLUTE
    ..\Core\Src\system_stm32f1xx.c           0x00000000   Number         0  system_stm32f1xx.o ABSOLUTE
    ..\Core\Src\tim.c                        0x00000000   Number         0  tim.o ABSOLUTE
    ..\Core\Src\usart.c                      0x00000000   Number         0  usart.o ABSOLUTE
    ..\Drivers\STM32F1xx_HAL_Driver\Src\stm32f1xx_hal.c 0x00000000   Number         0  stm32f1xx_hal.o ABSOLUTE
    ..\Drivers\STM32F1xx_HAL_Driver\Src\stm32f1xx_hal_adc.c 0x00000000   Number         0  stm32f1xx_hal_adc.o ABSOLUTE
    ..\Drivers\STM32F1xx_HAL_Driver\Src\stm32f1xx_hal_adc_ex.c 0x00000000   Number         0  stm32f1xx_hal_adc_ex.o ABSOLUTE
    ..\Drivers\STM32F1xx_HAL_Driver\Src\stm32f1xx_hal_cortex.c 0x00000000   Number         0  stm32f1xx_hal_cortex.o ABSOLUTE
    ..\Drivers\STM32F1xx_HAL_Driver\Src\stm32f1xx_hal_dma.c 0x00000000   Number         0  stm32f1xx_hal_dma.o ABSOLUTE
    ..\Drivers\STM32F1xx_HAL_Driver\Src\stm32f1xx_hal_exti.c 0x00000000   Number         0  stm32f1xx_hal_exti.o ABSOLUTE
    ..\Drivers\STM32F1xx_HAL_Driver\Src\stm32f1xx_hal_flash.c 0x00000000   Number         0  stm32f1xx_hal_flash.o ABSOLUTE
    ..\Drivers\STM32F1xx_HAL_Driver\Src\stm32f1xx_hal_flash_ex.c 0x00000000   Number         0  stm32f1xx_hal_flash_ex.o ABSOLUTE
    ..\Drivers\STM32F1xx_HAL_Driver\Src\stm32f1xx_hal_gpio.c 0x00000000   Number         0  stm32f1xx_hal_gpio.o ABSOLUTE
    ..\Drivers\STM32F1xx_HAL_Driver\Src\stm32f1xx_hal_gpio_ex.c 0x00000000   Number         0  stm32f1xx_hal_gpio_ex.o ABSOLUTE
    ..\Drivers\STM32F1xx_HAL_Driver\Src\stm32f1xx_hal_pwr.c 0x00000000   Number         0  stm32f1xx_hal_pwr.o ABSOLUTE
    ..\Drivers\STM32F1xx_HAL_Driver\Src\stm32f1xx_hal_rcc.c 0x00000000   Number         0  stm32f1xx_hal_rcc.o ABSOLUTE
    ..\Drivers\STM32F1xx_HAL_Driver\Src\stm32f1xx_hal_rcc_ex.c 0x00000000   Number         0  stm32f1xx_hal_rcc_ex.o ABSOLUTE
    ..\Drivers\STM32F1xx_HAL_Driver\Src\stm32f1xx_hal_tim.c 0x00000000   Number         0  stm32f1xx_hal_tim.o ABSOLUTE
    ..\Drivers\STM32F1xx_HAL_Driver\Src\stm32f1xx_hal_tim_ex.c 0x00000000   Number         0  stm32f1xx_hal_tim_ex.o ABSOLUTE
    ..\Drivers\STM32F1xx_HAL_Driver\Src\stm32f1xx_hal_uart.c 0x00000000   Number         0  stm32f1xx_hal_uart.o ABSOLUTE
    ..\HARDWARE\Src\car.c                    0x00000000   Number         0  car.o ABSOLUTE
    ..\HARDWARE\Src\hc_sr04.c                0x00000000   Number         0  hc_sr04.o ABSOLUTE
    ..\HARDWARE\Src\tcp.c                    0x00000000   Number         0  tcp.o ABSOLUTE
    ..\HARDWARE\Src\tcrt5000.c               0x00000000   Number         0  tcrt5000.o ABSOLUTE
    ..\\HARDWARE\\Src\\car.c                 0x00000000   Number         0  car.o ABSOLUTE
    ..\\HARDWARE\\Src\\hc_sr04.c             0x00000000   Number         0  hc_sr04.o ABSOLUTE
    ..\\HARDWARE\\Src\\tcp.c                 0x00000000   Number         0  tcp.o ABSOLUTE
    ..\\HARDWARE\\Src\\tcrt5000.c            0x00000000   Number         0  tcrt5000.o ABSOLUTE
    cdrcmple.s                               0x00000000   Number         0  cdrcmple.o ABSOLUTE
    dc.s                                     0x00000000   Number         0  dc.o ABSOLUTE
    handlers.s                               0x00000000   Number         0  handlers.o ABSOLUTE
    init.s                                   0x00000000   Number         0  init.o ABSOLUTE
    startup_stm32f103xb.s                    0x00000000   Number         0  startup_stm32f103xb.o ABSOLUTE
    RESET                                    0x08000000   Section      236  startup_stm32f103xb.o(RESET)
    .ARM.Collect$$$$00000000                 0x080000ec   Section        0  entry.o(.ARM.Collect$$$$00000000)
    .ARM.Collect$$$$00000001                 0x080000ec   Section        4  entry2.o(.ARM.Collect$$$$00000001)
    .ARM.Collect$$$$00000004                 0x080000f0   Section        4  entry5.o(.ARM.Collect$$$$00000004)
    .ARM.Collect$$$$00000008                 0x080000f4   Section        0  entry7b.o(.ARM.Collect$$$$00000008)
    .ARM.Collect$$$$0000000A                 0x080000f4   Section        0  entry8b.o(.ARM.Collect$$$$0000000A)
    .ARM.Collect$$$$0000000B                 0x080000f4   Section        8  entry9a.o(.ARM.Collect$$$$0000000B)
    .ARM.Collect$$$$0000000D                 0x080000fc   Section        0  entry10a.o(.ARM.Collect$$$$0000000D)
    .ARM.Collect$$$$0000000F                 0x080000fc   Section        0  entry11a.o(.ARM.Collect$$$$0000000F)
    .ARM.Collect$$$$00002712                 0x080000fc   Section        4  entry2.o(.ARM.Collect$$$$00002712)
    __lit__00000000                          0x080000fc   Data           4  entry2.o(.ARM.Collect$$$$00002712)
    .text                                    0x08000100   Section       36  startup_stm32f103xb.o(.text)
    .text                                    0x08000124   Section        0  llushr.o(.text)
    .text                                    0x08000144   Section        0  memseta.o(.text)
    .text                                    0x08000168   Section        0  strstr.o(.text)
    .text                                    0x0800018c   Section        0  strlen.o(.text)
    .text                                    0x0800019a   Section        0  dadd.o(.text)
    .text                                    0x080002e8   Section        0  dmul.o(.text)
    .text                                    0x080003cc   Section        0  ddiv.o(.text)
    .text                                    0x080004aa   Section        0  dfltui.o(.text)
    .text                                    0x080004c4   Section        0  f2d.o(.text)
    .text                                    0x080004ea   Section        0  d2f.o(.text)
    .text                                    0x08000522   Section        0  uidiv.o(.text)
    .text                                    0x0800054e   Section        0  uldiv.o(.text)
    .text                                    0x080005b0   Section        0  llshl.o(.text)
    .text                                    0x080005ce   Section        0  llsshr.o(.text)
    .text                                    0x080005f2   Section        0  fepilogue.o(.text)
    .text                                    0x080005f2   Section        0  iusefp.o(.text)
    .text                                    0x08000660   Section        0  depilogue.o(.text)
    .text                                    0x0800071a   Section        0  dfixul.o(.text)
    .text                                    0x0800074c   Section       48  cdrcmple.o(.text)
    .text                                    0x0800077c   Section       36  init.o(.text)
    i.ADC1_2_IRQHandler                      0x080007a0   Section        0  stm32f1xx_it.o(i.ADC1_2_IRQHandler)
    i.ADC_ConversionStop_Disable             0x080007ac   Section        0  stm32f1xx_hal_adc.o(i.ADC_ConversionStop_Disable)
    i.ADC_DMAConvCplt                        0x08000802   Section        0  stm32f1xx_hal_adc.o(i.ADC_DMAConvCplt)
    i.ADC_DMAError                           0x08000850   Section        0  stm32f1xx_hal_adc.o(i.ADC_DMAError)
    i.ADC_DMAHalfConvCplt                    0x0800086a   Section        0  stm32f1xx_hal_adc.o(i.ADC_DMAHalfConvCplt)
    i.ADC_Enable                             0x08000874   Section        0  stm32f1xx_hal_adc.o(i.ADC_Enable)
    i.ADC_Output                             0x080008f0   Section        0  tcrt5000.o(i.ADC_Output)
    i.BusFault_Handler                       0x080009b4   Section        0  stm32f1xx_it.o(i.BusFault_Handler)
    i.DMA1_Channel1_IRQHandler               0x080009b8   Section        0  stm32f1xx_it.o(i.DMA1_Channel1_IRQHandler)
    i.DMA1_Channel3_IRQHandler               0x080009c4   Section        0  stm32f1xx_it.o(i.DMA1_Channel3_IRQHandler)
    i.DMA1_Channel5_IRQHandler               0x080009d0   Section        0  stm32f1xx_it.o(i.DMA1_Channel5_IRQHandler)
    i.DMA1_Channel6_IRQHandler               0x080009dc   Section        0  stm32f1xx_it.o(i.DMA1_Channel6_IRQHandler)
    i.DMA1_Channel7_IRQHandler               0x080009e8   Section        0  stm32f1xx_it.o(i.DMA1_Channel7_IRQHandler)
    i.DMA_SetConfig                          0x080009f4   Section        0  stm32f1xx_hal_dma.o(i.DMA_SetConfig)
    DMA_SetConfig                            0x080009f5   Thumb Code    42  stm32f1xx_hal_dma.o(i.DMA_SetConfig)
    i.DebugMon_Handler                       0x08000a1e   Section        0  stm32f1xx_it.o(i.DebugMon_Handler)
    i.Disable_Echo                           0x08000a20   Section        0  tcp.o(i.Disable_Echo)
    i.Error_Handler                          0x08000a6c   Section        0  main.o(i.Error_Handler)
    i.Fire_Warning                           0x08000a70   Section        0  car.o(i.Fire_Warning)
    i.HAL_ADCEx_Calibration_Start            0x08000ae8   Section        0  stm32f1xx_hal_adc_ex.o(i.HAL_ADCEx_Calibration_Start)
    i.HAL_ADCEx_InjectedConvCpltCallback     0x08000bc0   Section        0  stm32f1xx_hal_adc_ex.o(i.HAL_ADCEx_InjectedConvCpltCallback)
    i.HAL_ADC_ConfigChannel                  0x08000bc4   Section        0  stm32f1xx_hal_adc.o(i.HAL_ADC_ConfigChannel)
    i.HAL_ADC_ConvCpltCallback               0x08000cc0   Section        0  stm32f1xx_hal_adc.o(i.HAL_ADC_ConvCpltCallback)
    i.HAL_ADC_ConvHalfCpltCallback           0x08000cc2   Section        0  stm32f1xx_hal_adc.o(i.HAL_ADC_ConvHalfCpltCallback)
    i.HAL_ADC_ErrorCallback                  0x08000cc4   Section        0  stm32f1xx_hal_adc.o(i.HAL_ADC_ErrorCallback)
    i.HAL_ADC_IRQHandler                     0x08000cc6   Section        0  stm32f1xx_hal_adc.o(i.HAL_ADC_IRQHandler)
    i.HAL_ADC_Init                           0x08000da4   Section        0  stm32f1xx_hal_adc.o(i.HAL_ADC_Init)
    i.HAL_ADC_LevelOutOfWindowCallback       0x08000ec0   Section        0  stm32f1xx_hal_adc.o(i.HAL_ADC_LevelOutOfWindowCallback)
    i.HAL_ADC_MspInit                        0x08000ec4   Section        0  adc.o(i.HAL_ADC_MspInit)
    i.HAL_ADC_Start_DMA                      0x08000f64   Section        0  stm32f1xx_hal_adc.o(i.HAL_ADC_Start_DMA)
    i.HAL_DMA_Abort                          0x08001070   Section        0  stm32f1xx_hal_dma.o(i.HAL_DMA_Abort)
    i.HAL_DMA_Abort_IT                       0x080010b8   Section        0  stm32f1xx_hal_dma.o(i.HAL_DMA_Abort_IT)
    i.HAL_DMA_IRQHandler                     0x08001150   Section        0  stm32f1xx_hal_dma.o(i.HAL_DMA_IRQHandler)
    i.HAL_DMA_Init                           0x080012a4   Section        0  stm32f1xx_hal_dma.o(i.HAL_DMA_Init)
    i.HAL_DMA_Start_IT                       0x08001300   Section        0  stm32f1xx_hal_dma.o(i.HAL_DMA_Start_IT)
    i.HAL_Delay                              0x08001370   Section        0  stm32f1xx_hal.o(i.HAL_Delay)
    i.HAL_GPIO_Init                          0x08001394   Section        0  stm32f1xx_hal_gpio.o(i.HAL_GPIO_Init)
    i.HAL_GPIO_WritePin                      0x08001574   Section        0  stm32f1xx_hal_gpio.o(i.HAL_GPIO_WritePin)
    i.HAL_GetTick                            0x08001580   Section        0  stm32f1xx_hal.o(i.HAL_GetTick)
    i.HAL_IncTick                            0x0800158c   Section        0  stm32f1xx_hal.o(i.HAL_IncTick)
    i.HAL_Init                               0x0800159c   Section        0  stm32f1xx_hal.o(i.HAL_Init)
    i.HAL_InitTick                           0x080015c0   Section        0  stm32f1xx_hal.o(i.HAL_InitTick)
    i.HAL_MspInit                            0x08001600   Section        0  stm32f1xx_hal_msp.o(i.HAL_MspInit)
    i.HAL_NVIC_EnableIRQ                     0x0800163c   Section        0  stm32f1xx_hal_cortex.o(i.HAL_NVIC_EnableIRQ)
    i.HAL_NVIC_SetPriority                   0x08001658   Section        0  stm32f1xx_hal_cortex.o(i.HAL_NVIC_SetPriority)
    i.HAL_NVIC_SetPriorityGrouping           0x08001698   Section        0  stm32f1xx_hal_cortex.o(i.HAL_NVIC_SetPriorityGrouping)
    i.HAL_RCCEx_GetPeriphCLKFreq             0x080016bc   Section        0  stm32f1xx_hal_rcc_ex.o(i.HAL_RCCEx_GetPeriphCLKFreq)
    i.HAL_RCCEx_PeriphCLKConfig              0x08001760   Section        0  stm32f1xx_hal_rcc_ex.o(i.HAL_RCCEx_PeriphCLKConfig)
    i.HAL_RCC_ClockConfig                    0x0800184c   Section        0  stm32f1xx_hal_rcc.o(i.HAL_RCC_ClockConfig)
    i.HAL_RCC_GetPCLK1Freq                   0x08001978   Section        0  stm32f1xx_hal_rcc.o(i.HAL_RCC_GetPCLK1Freq)
    i.HAL_RCC_GetPCLK2Freq                   0x08001998   Section        0  stm32f1xx_hal_rcc.o(i.HAL_RCC_GetPCLK2Freq)
    i.HAL_RCC_GetSysClockFreq                0x080019b8   Section        0  stm32f1xx_hal_rcc.o(i.HAL_RCC_GetSysClockFreq)
    i.HAL_RCC_OscConfig                      0x08001a04   Section        0  stm32f1xx_hal_rcc.o(i.HAL_RCC_OscConfig)
    i.HAL_SYSTICK_Config                     0x08001d24   Section        0  stm32f1xx_hal_cortex.o(i.HAL_SYSTICK_Config)
    i.HAL_TIMEx_BreakCallback                0x08001d4c   Section        0  stm32f1xx_hal_tim_ex.o(i.HAL_TIMEx_BreakCallback)
    i.HAL_TIMEx_CommutCallback               0x08001d4e   Section        0  stm32f1xx_hal_tim_ex.o(i.HAL_TIMEx_CommutCallback)
    i.HAL_TIMEx_MasterConfigSynchronization  0x08001d50   Section        0  stm32f1xx_hal_tim_ex.o(i.HAL_TIMEx_MasterConfigSynchronization)
    i.HAL_TIM_Base_Init                      0x08001db8   Section        0  stm32f1xx_hal_tim.o(i.HAL_TIM_Base_Init)
    i.HAL_TIM_Base_MspInit                   0x08001e14   Section        0  tim.o(i.HAL_TIM_Base_MspInit)
    i.HAL_TIM_Base_Start                     0x08001e68   Section        0  stm32f1xx_hal_tim.o(i.HAL_TIM_Base_Start)
    i.HAL_TIM_ConfigClockSource              0x08001eb8   Section        0  stm32f1xx_hal_tim.o(i.HAL_TIM_ConfigClockSource)
    i.HAL_TIM_IC_CaptureCallback             0x08001f94   Section        0  stm32f1xx_hal_tim.o(i.HAL_TIM_IC_CaptureCallback)
    i.HAL_TIM_IC_Start_IT                    0x08001f98   Section        0  stm32f1xx_hal_tim.o(i.HAL_TIM_IC_Start_IT)
    i.HAL_TIM_IRQHandler                     0x0800207c   Section        0  stm32f1xx_hal_tim.o(i.HAL_TIM_IRQHandler)
    i.HAL_TIM_MspPostInit                    0x080021e4   Section        0  tim.o(i.HAL_TIM_MspPostInit)
    i.HAL_TIM_OC_DelayElapsedCallback        0x0800225c   Section        0  stm32f1xx_hal_tim.o(i.HAL_TIM_OC_DelayElapsedCallback)
    i.HAL_TIM_PWM_ConfigChannel              0x0800225e   Section        0  stm32f1xx_hal_tim.o(i.HAL_TIM_PWM_ConfigChannel)
    i.HAL_TIM_PWM_Init                       0x0800232a   Section        0  stm32f1xx_hal_tim.o(i.HAL_TIM_PWM_Init)
    i.HAL_TIM_PWM_MspInit                    0x08002384   Section        0  tim.o(i.HAL_TIM_PWM_MspInit)
    i.HAL_TIM_PWM_PulseFinishedCallback      0x080023d4   Section        0  stm32f1xx_hal_tim.o(i.HAL_TIM_PWM_PulseFinishedCallback)
    i.HAL_TIM_PWM_Start                      0x080023d8   Section        0  stm32f1xx_hal_tim.o(i.HAL_TIM_PWM_Start)
    i.HAL_TIM_PeriodElapsedCallback          0x08002474   Section        0  stm32f1xx_hal_tim.o(i.HAL_TIM_PeriodElapsedCallback)
    i.HAL_TIM_TriggerCallback                0x08002476   Section        0  stm32f1xx_hal_tim.o(i.HAL_TIM_TriggerCallback)
    i.HAL_UARTEx_RxEventCallback             0x08002478   Section        0  usart.o(i.HAL_UARTEx_RxEventCallback)
    i.HAL_UART_DMAStop                       0x080024f4   Section        0  stm32f1xx_hal_uart.o(i.HAL_UART_DMAStop)
    i.HAL_UART_ErrorCallback                 0x08002564   Section        0  stm32f1xx_hal_uart.o(i.HAL_UART_ErrorCallback)
    i.HAL_UART_IRQHandler                    0x08002568   Section        0  stm32f1xx_hal_uart.o(i.HAL_UART_IRQHandler)
    i.HAL_UART_Init                          0x080027d4   Section        0  stm32f1xx_hal_uart.o(i.HAL_UART_Init)
    i.HAL_UART_MspInit                       0x08002838   Section        0  usart.o(i.HAL_UART_MspInit)
    i.HAL_UART_Receive_DMA                   0x08002aa0   Section        0  stm32f1xx_hal_uart.o(i.HAL_UART_Receive_DMA)
    i.HAL_UART_RxCpltCallback                0x08002abc   Section        0  stm32f1xx_hal_uart.o(i.HAL_UART_RxCpltCallback)
    i.HAL_UART_RxHalfCpltCallback            0x08002abe   Section        0  stm32f1xx_hal_uart.o(i.HAL_UART_RxHalfCpltCallback)
    i.HAL_UART_Transmit                      0x08002ac0   Section        0  stm32f1xx_hal_uart.o(i.HAL_UART_Transmit)
    i.HAL_UART_Transmit_DMA                  0x08002b5c   Section        0  stm32f1xx_hal_uart.o(i.HAL_UART_Transmit_DMA)
    i.HAL_UART_Transmit_IT                   0x08002bd4   Section        0  stm32f1xx_hal_uart.o(i.HAL_UART_Transmit_IT)
    i.HAL_UART_TxCpltCallback                0x08002c06   Section        0  stm32f1xx_hal_uart.o(i.HAL_UART_TxCpltCallback)
    i.HAL_UART_TxHalfCpltCallback            0x08002c08   Section        0  stm32f1xx_hal_uart.o(i.HAL_UART_TxHalfCpltCallback)
    i.HardFault_Handler                      0x08002c0a   Section        0  stm32f1xx_it.o(i.HardFault_Handler)
    i.Left_Motor                             0x08002c0c   Section        0  car.o(i.Left_Motor)
    i.MX_ADC1_Init                           0x08002c38   Section        0  adc.o(i.MX_ADC1_Init)
    i.MX_DMA_Init                            0x08002cb4   Section        0  dma.o(i.MX_DMA_Init)
    i.MX_GPIO_Init                           0x08002d10   Section        0  gpio.o(i.MX_GPIO_Init)
    i.MX_TIM1_Init                           0x08002de0   Section        0  tim.o(i.MX_TIM1_Init)
    i.MX_TIM2_Init                           0x08002e4c   Section        0  tim.o(i.MX_TIM2_Init)
    i.MX_TIM3_Init                           0x08002ee4   Section        0  tim.o(i.MX_TIM3_Init)
    i.MX_TIM4_Init                           0x08002f4c   Section        0  tim.o(i.MX_TIM4_Init)
    i.MX_USART1_UART_Init                    0x08002fdc   Section        0  usart.o(i.MX_USART1_UART_Init)
    i.MX_USART2_UART_Init                    0x08003014   Section        0  usart.o(i.MX_USART2_UART_Init)
    i.MX_USART3_UART_Init                    0x0800304c   Section        0  usart.o(i.MX_USART3_UART_Init)
    i.MemManage_Handler                      0x08003084   Section        0  stm32f1xx_it.o(i.MemManage_Handler)
    i.Motor_Backward                         0x08003086   Section        0  car.o(i.Motor_Backward)
    i.Motor_Control                          0x080030a0   Section        0  car.o(i.Motor_Control)
    i.Motor_Forward                          0x08003124   Section        0  car.o(i.Motor_Forward)
    i.Motor_Left                             0x0800313c   Section        0  car.o(i.Motor_Left)
    i.Motor_Right                            0x08003154   Section        0  car.o(i.Motor_Right)
    i.Motor_Slide                            0x0800316a   Section        0  car.o(i.Motor_Slide)
    i.Motor_Stop                             0x08003180   Section        0  car.o(i.Motor_Stop)
    i.NMI_Handler                            0x0800319a   Section        0  stm32f1xx_it.o(i.NMI_Handler)
    i.Open_TTT                               0x0800319c   Section        0  tcp.o(i.Open_TTT)
    i.PendSV_Handler                         0x080031f0   Section        0  stm32f1xx_it.o(i.PendSV_Handler)
    i.Process_UART2_Data                     0x080031f4   Section        0  usart.o(i.Process_UART2_Data)
    i.Right_Motor                            0x08003298   Section        0  car.o(i.Right_Motor)
    i.SVC_Handler                            0x080032c4   Section        0  stm32f1xx_it.o(i.SVC_Handler)
    i.Set_WorkMode                           0x080032c8   Section        0  tcp.o(i.Set_WorkMode)
    i.Start_ADC_Conversion                   0x08003330   Section        0  tcrt5000.o(i.Start_ADC_Conversion)
    i.SysTick_Handler                        0x08003350   Section        0  stm32f1xx_it.o(i.SysTick_Handler)
    i.SystemClock_Config                     0x08003354   Section        0  main.o(i.SystemClock_Config)
    i.SystemInit                             0x080033cc   Section        0  system_stm32f1xx.o(i.SystemInit)
    i.TCP_Connect                            0x080033d0   Section        0  tcp.o(i.TCP_Connect)
    i.TCP_Init                               0x08003460   Section        0  tcp.o(i.TCP_Init)
    i.TIM2_IRQHandler                        0x0800348c   Section        0  stm32f1xx_it.o(i.TIM2_IRQHandler)
    i.TIM3_IRQHandler                        0x08003498   Section        0  stm32f1xx_it.o(i.TIM3_IRQHandler)
    i.TIM_Base_SetConfig                     0x080034a4   Section        0  stm32f1xx_hal_tim.o(i.TIM_Base_SetConfig)
    i.TIM_CCxChannelCmd                      0x08003510   Section        0  stm32f1xx_hal_tim.o(i.TIM_CCxChannelCmd)
    i.TIM_ETR_SetConfig                      0x0800352a   Section        0  stm32f1xx_hal_tim.o(i.TIM_ETR_SetConfig)
    i.TIM_ITRx_SetConfig                     0x0800353e   Section        0  stm32f1xx_hal_tim.o(i.TIM_ITRx_SetConfig)
    TIM_ITRx_SetConfig                       0x0800353f   Thumb Code    16  stm32f1xx_hal_tim.o(i.TIM_ITRx_SetConfig)
    i.TIM_OC1_SetConfig                      0x08003550   Section        0  stm32f1xx_hal_tim.o(i.TIM_OC1_SetConfig)
    TIM_OC1_SetConfig                        0x08003551   Thumb Code    74  stm32f1xx_hal_tim.o(i.TIM_OC1_SetConfig)
    i.TIM_OC2_SetConfig                      0x080035a0   Section        0  stm32f1xx_hal_tim.o(i.TIM_OC2_SetConfig)
    i.TIM_OC3_SetConfig                      0x080035f8   Section        0  stm32f1xx_hal_tim.o(i.TIM_OC3_SetConfig)
    TIM_OC3_SetConfig                        0x080035f9   Thumb Code    82  stm32f1xx_hal_tim.o(i.TIM_OC3_SetConfig)
    i.TIM_OC4_SetConfig                      0x08003650   Section        0  stm32f1xx_hal_tim.o(i.TIM_OC4_SetConfig)
    TIM_OC4_SetConfig                        0x08003651   Thumb Code    64  stm32f1xx_hal_tim.o(i.TIM_OC4_SetConfig)
    i.TIM_TI1_ConfigInputStage               0x08003694   Section        0  stm32f1xx_hal_tim.o(i.TIM_TI1_ConfigInputStage)
    TIM_TI1_ConfigInputStage                 0x08003695   Thumb Code    34  stm32f1xx_hal_tim.o(i.TIM_TI1_ConfigInputStage)
    i.TIM_TI2_ConfigInputStage               0x080036b6   Section        0  stm32f1xx_hal_tim.o(i.TIM_TI2_ConfigInputStage)
    TIM_TI2_ConfigInputStage                 0x080036b7   Thumb Code    36  stm32f1xx_hal_tim.o(i.TIM_TI2_ConfigInputStage)
    i.UART_DMAAbortOnError                   0x080036da   Section        0  stm32f1xx_hal_uart.o(i.UART_DMAAbortOnError)
    UART_DMAAbortOnError                     0x080036db   Thumb Code    16  stm32f1xx_hal_uart.o(i.UART_DMAAbortOnError)
    i.UART_DMAError                          0x080036ea   Section        0  stm32f1xx_hal_uart.o(i.UART_DMAError)
    UART_DMAError                            0x080036eb   Thumb Code    74  stm32f1xx_hal_uart.o(i.UART_DMAError)
    i.UART_DMAReceiveCplt                    0x08003734   Section        0  stm32f1xx_hal_uart.o(i.UART_DMAReceiveCplt)
    UART_DMAReceiveCplt                      0x08003735   Thumb Code   134  stm32f1xx_hal_uart.o(i.UART_DMAReceiveCplt)
    i.UART_DMARxHalfCplt                     0x080037ba   Section        0  stm32f1xx_hal_uart.o(i.UART_DMARxHalfCplt)
    UART_DMARxHalfCplt                       0x080037bb   Thumb Code    30  stm32f1xx_hal_uart.o(i.UART_DMARxHalfCplt)
    i.UART_DMATransmitCplt                   0x080037d8   Section        0  stm32f1xx_hal_uart.o(i.UART_DMATransmitCplt)
    UART_DMATransmitCplt                     0x080037d9   Thumb Code    66  stm32f1xx_hal_uart.o(i.UART_DMATransmitCplt)
    i.UART_DMATxHalfCplt                     0x0800381a   Section        0  stm32f1xx_hal_uart.o(i.UART_DMATxHalfCplt)
    UART_DMATxHalfCplt                       0x0800381b   Thumb Code    10  stm32f1xx_hal_uart.o(i.UART_DMATxHalfCplt)
    i.UART_EndRxTransfer                     0x08003824   Section        0  stm32f1xx_hal_uart.o(i.UART_EndRxTransfer)
    UART_EndRxTransfer                       0x08003825   Thumb Code    78  stm32f1xx_hal_uart.o(i.UART_EndRxTransfer)
    i.UART_EndTxTransfer                     0x08003872   Section        0  stm32f1xx_hal_uart.o(i.UART_EndTxTransfer)
    UART_EndTxTransfer                       0x08003873   Thumb Code    28  stm32f1xx_hal_uart.o(i.UART_EndTxTransfer)
    i.UART_Receive_IT                        0x0800388e   Section        0  stm32f1xx_hal_uart.o(i.UART_Receive_IT)
    UART_Receive_IT                          0x0800388f   Thumb Code   194  stm32f1xx_hal_uart.o(i.UART_Receive_IT)
    i.UART_SetConfig                         0x08003950   Section        0  stm32f1xx_hal_uart.o(i.UART_SetConfig)
    UART_SetConfig                           0x08003951   Thumb Code   178  stm32f1xx_hal_uart.o(i.UART_SetConfig)
    i.UART_Start_Receive_DMA                 0x08003a08   Section        0  stm32f1xx_hal_uart.o(i.UART_Start_Receive_DMA)
    i.UART_WaitOnFlagUntilTimeout            0x08003a98   Section        0  stm32f1xx_hal_uart.o(i.UART_WaitOnFlagUntilTimeout)
    UART_WaitOnFlagUntilTimeout              0x08003a99   Thumb Code   120  stm32f1xx_hal_uart.o(i.UART_WaitOnFlagUntilTimeout)
    i.USART1_IRQHandler                      0x08003b10   Section        0  stm32f1xx_it.o(i.USART1_IRQHandler)
    i.USART2_IRQHandler                      0x08003b48   Section        0  stm32f1xx_it.o(i.USART2_IRQHandler)
    i.USART3_IRQHandler                      0x08003b80   Section        0  stm32f1xx_it.o(i.USART3_IRQHandler)
    i.UsageFault_Handler                     0x08003c04   Section        0  stm32f1xx_it.o(i.UsageFault_Handler)
    i.WIFI_Connect                           0x08003c08   Section        0  tcp.o(i.WIFI_Connect)
    i.__0printf                              0x08003c8c   Section        0  printfa.o(i.__0printf)
    i.__0sprintf                             0x08003cac   Section        0  printfa.o(i.__0sprintf)
    i.__NVIC_SetPriority                     0x08003cd4   Section        0  stm32f1xx_hal_cortex.o(i.__NVIC_SetPriority)
    __NVIC_SetPriority                       0x08003cd5   Thumb Code    32  stm32f1xx_hal_cortex.o(i.__NVIC_SetPriority)
    i.__scatterload_copy                     0x08003cf4   Section       14  handlers.o(i.__scatterload_copy)
    i.__scatterload_null                     0x08003d02   Section        2  handlers.o(i.__scatterload_null)
    i.__scatterload_zeroinit                 0x08003d04   Section       14  handlers.o(i.__scatterload_zeroinit)
    i._fp_digits                             0x08003d14   Section        0  printfa.o(i._fp_digits)
    _fp_digits                               0x08003d15   Thumb Code   366  printfa.o(i._fp_digits)
    i._printf_core                           0x08003e98   Section        0  printfa.o(i._printf_core)
    _printf_core                             0x08003e99   Thumb Code  1744  printfa.o(i._printf_core)
    i._printf_post_padding                   0x08004574   Section        0  printfa.o(i._printf_post_padding)
    _printf_post_padding                     0x08004575   Thumb Code    36  printfa.o(i._printf_post_padding)
    i._printf_pre_padding                    0x08004598   Section        0  printfa.o(i._printf_pre_padding)
    _printf_pre_padding                      0x08004599   Thumb Code    46  printfa.o(i._printf_pre_padding)
    i._sputc                                 0x080045c6   Section        0  printfa.o(i._sputc)
    _sputc                                   0x080045c7   Thumb Code    10  printfa.o(i._sputc)
    i.fputc                                  0x080045d0   Section        0  usart.o(i.fputc)
    i.have_OK                                0x080045f0   Section        0  usart.o(i.have_OK)
    i.main                                   0x0800461c   Section        0  main.o(i.main)
    i.wait_OK                                0x080046f4   Section        0  tcp.o(i.wait_OK)
    .constdata                               0x08004754   Section       18  stm32f1xx_hal_rcc.o(.constdata)
    aPredivFactorTable                       0x08004754   Data           2  stm32f1xx_hal_rcc.o(.constdata)
    aPLLMULFactorTable                       0x08004756   Data          16  stm32f1xx_hal_rcc.o(.constdata)
    .constdata                               0x08004766   Section       18  stm32f1xx_hal_rcc_ex.o(.constdata)
    aPredivFactorTable                       0x08004766   Data           2  stm32f1xx_hal_rcc_ex.o(.constdata)
    aPLLMULFactorTable                       0x08004768   Data          16  stm32f1xx_hal_rcc_ex.o(.constdata)
    .constdata                               0x08004778   Section       16  system_stm32f1xx.o(.constdata)
    .constdata                               0x08004788   Section        8  system_stm32f1xx.o(.constdata)
    .constdata                               0x08004790   Section       10  tcp.o(.constdata)
    .data                                    0x20000000   Section        4  usart.o(.data)
    .data                                    0x20000004   Section        4  usart.o(.data)
    .data                                    0x20000008   Section        1  usart.o(.data)
    .data                                    0x2000000c   Section       12  stm32f1xx_hal.o(.data)
    .data                                    0x20000018   Section        4  system_stm32f1xx.o(.data)
    .data                                    0x2000001c   Section        1  car.o(.data)
    .data                                    0x20000020   Section       16  tcrt5000.o(.data)
    .data                                    0x20000030   Section        1  tcp.o(.data)
    .data                                    0x20000034   Section        4  stdout.o(.data)
    .bss                                     0x20000038   Section      116  adc.o(.bss)
    .bss                                     0x200000ac   Section      288  tim.o(.bss)
    .bss                                     0x200001cc   Section     4584  usart.o(.bss)
    .bss                                     0x200013b4   Section     2048  usart.o(.bss)
    .bss                                     0x20001bb4   Section     2048  usart.o(.bss)
    STACK                                    0x200023b8   Section     1024  startup_stm32f103xb.o(STACK)

    Global Symbols

    Symbol Name                              Value     Ov Type        Size  Object(Section)

    BuildAttributes$$THM_ISAv4$P$D$K$B$S$PE$A:L22UL41UL21$X:L11$S22US41US21$IEEE1$IW$USESV6$~STKCKD$USESV7$~SHL$OTIME$ROPI$EBA8$MICROLIB$REQ8$PRES8$EABIv2 0x00000000   Number         0  anon$$obj.o ABSOLUTE
    __ARM_use_no_argv                        0x00000000   Number         0  main.o ABSOLUTE
    _printf_a                                0x00000000   Number         0  stubs.o ABSOLUTE
    _printf_c                                0x00000000   Number         0  stubs.o ABSOLUTE
    _printf_charcount                        0x00000000   Number         0  stubs.o ABSOLUTE
    _printf_d                                0x00000000   Number         0  stubs.o ABSOLUTE
    _printf_e                                0x00000000   Number         0  stubs.o ABSOLUTE
    _printf_f                                0x00000000   Number         0  stubs.o ABSOLUTE
    _printf_flags                            0x00000000   Number         0  stubs.o ABSOLUTE
    _printf_fp_dec                           0x00000000   Number         0  stubs.o ABSOLUTE
    _printf_fp_hex                           0x00000000   Number         0  stubs.o ABSOLUTE
    _printf_g                                0x00000000   Number         0  stubs.o ABSOLUTE
    _printf_i                                0x00000000   Number         0  stubs.o ABSOLUTE
    _printf_int_dec                          0x00000000   Number         0  stubs.o ABSOLUTE
    _printf_l                                0x00000000   Number         0  stubs.o ABSOLUTE
    _printf_lc                               0x00000000   Number         0  stubs.o ABSOLUTE
    _printf_ll                               0x00000000   Number         0  stubs.o ABSOLUTE
    _printf_lld                              0x00000000   Number         0  stubs.o ABSOLUTE
    _printf_lli                              0x00000000   Number         0  stubs.o ABSOLUTE
    _printf_llo                              0x00000000   Number         0  stubs.o ABSOLUTE
    _printf_llu                              0x00000000   Number         0  stubs.o ABSOLUTE
    _printf_llx                              0x00000000   Number         0  stubs.o ABSOLUTE
    _printf_longlong_dec                     0x00000000   Number         0  stubs.o ABSOLUTE
    _printf_longlong_hex                     0x00000000   Number         0  stubs.o ABSOLUTE
    _printf_longlong_oct                     0x00000000   Number         0  stubs.o ABSOLUTE
    _printf_ls                               0x00000000   Number         0  stubs.o ABSOLUTE
    _printf_mbtowc                           0x00000000   Number         0  stubs.o ABSOLUTE
    _printf_n                                0x00000000   Number         0  stubs.o ABSOLUTE
    _printf_o                                0x00000000   Number         0  stubs.o ABSOLUTE
    _printf_p                                0x00000000   Number         0  stubs.o ABSOLUTE
    _printf_percent                          0x00000000   Number         0  stubs.o ABSOLUTE
    _printf_pre_padding                      0x00000000   Number         0  stubs.o ABSOLUTE
    _printf_return_value                     0x00000000   Number         0  stubs.o ABSOLUTE
    _printf_s                                0x00000000   Number         0  stubs.o ABSOLUTE
    _printf_sizespec                         0x00000000   Number         0  stubs.o ABSOLUTE
    _printf_str                              0x00000000   Number         0  stubs.o ABSOLUTE
    _printf_truncate_signed                  0x00000000   Number         0  stubs.o ABSOLUTE
    _printf_truncate_unsigned                0x00000000   Number         0  stubs.o ABSOLUTE
    _printf_u                                0x00000000   Number         0  stubs.o ABSOLUTE
    _printf_wc                               0x00000000   Number         0  stubs.o ABSOLUTE
    _printf_wctomb                           0x00000000   Number         0  stubs.o ABSOLUTE
    _printf_widthprec                        0x00000000   Number         0  stubs.o ABSOLUTE
    _printf_x                                0x00000000   Number         0  stubs.o ABSOLUTE
    __cpp_initialize__aeabi_                  - Undefined Weak Reference
    __cxa_finalize                            - Undefined Weak Reference
    __decompress                              - Undefined Weak Reference
    _clock_init                               - Undefined Weak Reference
    _microlib_exit                            - Undefined Weak Reference
    __Vectors_Size                           0x000000ec   Number         0  startup_stm32f103xb.o ABSOLUTE
    __Vectors                                0x08000000   Data           4  startup_stm32f103xb.o(RESET)
    __Vectors_End                            0x080000ec   Data           0  startup_stm32f103xb.o(RESET)
    __main                                   0x080000ed   Thumb Code     0  entry.o(.ARM.Collect$$$$00000000)
    _main_stk                                0x080000ed   Thumb Code     0  entry2.o(.ARM.Collect$$$$00000001)
    _main_scatterload                        0x080000f1   Thumb Code     0  entry5.o(.ARM.Collect$$$$00000004)
    __main_after_scatterload                 0x080000f5   Thumb Code     0  entry5.o(.ARM.Collect$$$$00000004)
    _main_clock                              0x080000f5   Thumb Code     0  entry7b.o(.ARM.Collect$$$$00000008)
    _main_cpp_init                           0x080000f5   Thumb Code     0  entry8b.o(.ARM.Collect$$$$0000000A)
    _main_init                               0x080000f5   Thumb Code     0  entry9a.o(.ARM.Collect$$$$0000000B)
    __rt_final_cpp                           0x080000fd   Thumb Code     0  entry10a.o(.ARM.Collect$$$$0000000D)
    __rt_final_exit                          0x080000fd   Thumb Code     0  entry11a.o(.ARM.Collect$$$$0000000F)
    Reset_Handler                            0x08000101   Thumb Code     8  startup_stm32f103xb.o(.text)
    CAN1_RX1_IRQHandler                      0x0800011b   Thumb Code     0  startup_stm32f103xb.o(.text)
    CAN1_SCE_IRQHandler                      0x0800011b   Thumb Code     0  startup_stm32f103xb.o(.text)
    DMA1_Channel2_IRQHandler                 0x0800011b   Thumb Code     0  startup_stm32f103xb.o(.text)
    DMA1_Channel4_IRQHandler                 0x0800011b   Thumb Code     0  startup_stm32f103xb.o(.text)
    EXTI0_IRQHandler                         0x0800011b   Thumb Code     0  startup_stm32f103xb.o(.text)
    EXTI15_10_IRQHandler                     0x0800011b   Thumb Code     0  startup_stm32f103xb.o(.text)
    EXTI1_IRQHandler                         0x0800011b   Thumb Code     0  startup_stm32f103xb.o(.text)
    EXTI2_IRQHandler                         0x0800011b   Thumb Code     0  startup_stm32f103xb.o(.text)
    EXTI3_IRQHandler                         0x0800011b   Thumb Code     0  startup_stm32f103xb.o(.text)
    EXTI4_IRQHandler                         0x0800011b   Thumb Code     0  startup_stm32f103xb.o(.text)
    EXTI9_5_IRQHandler                       0x0800011b   Thumb Code     0  startup_stm32f103xb.o(.text)
    FLASH_IRQHandler                         0x0800011b   Thumb Code     0  startup_stm32f103xb.o(.text)
    I2C1_ER_IRQHandler                       0x0800011b   Thumb Code     0  startup_stm32f103xb.o(.text)
    I2C1_EV_IRQHandler                       0x0800011b   Thumb Code     0  startup_stm32f103xb.o(.text)
    I2C2_ER_IRQHandler                       0x0800011b   Thumb Code     0  startup_stm32f103xb.o(.text)
    I2C2_EV_IRQHandler                       0x0800011b   Thumb Code     0  startup_stm32f103xb.o(.text)
    PVD_IRQHandler                           0x0800011b   Thumb Code     0  startup_stm32f103xb.o(.text)
    RCC_IRQHandler                           0x0800011b   Thumb Code     0  startup_stm32f103xb.o(.text)
    RTC_Alarm_IRQHandler                     0x0800011b   Thumb Code     0  startup_stm32f103xb.o(.text)
    RTC_IRQHandler                           0x0800011b   Thumb Code     0  startup_stm32f103xb.o(.text)
    SPI1_IRQHandler                          0x0800011b   Thumb Code     0  startup_stm32f103xb.o(.text)
    SPI2_IRQHandler                          0x0800011b   Thumb Code     0  startup_stm32f103xb.o(.text)
    TAMPER_IRQHandler                        0x0800011b   Thumb Code     0  startup_stm32f103xb.o(.text)
    TIM1_BRK_IRQHandler                      0x0800011b   Thumb Code     0  startup_stm32f103xb.o(.text)
    TIM1_CC_IRQHandler                       0x0800011b   Thumb Code     0  startup_stm32f103xb.o(.text)
    TIM1_TRG_COM_IRQHandler                  0x0800011b   Thumb Code     0  startup_stm32f103xb.o(.text)
    TIM1_UP_IRQHandler                       0x0800011b   Thumb Code     0  startup_stm32f103xb.o(.text)
    TIM4_IRQHandler                          0x0800011b   Thumb Code     0  startup_stm32f103xb.o(.text)
    USBWakeUp_IRQHandler                     0x0800011b   Thumb Code     0  startup_stm32f103xb.o(.text)
    USB_HP_CAN1_TX_IRQHandler                0x0800011b   Thumb Code     0  startup_stm32f103xb.o(.text)
    USB_LP_CAN1_RX0_IRQHandler               0x0800011b   Thumb Code     0  startup_stm32f103xb.o(.text)
    WWDG_IRQHandler                          0x0800011b   Thumb Code     0  startup_stm32f103xb.o(.text)
    __aeabi_llsr                             0x08000125   Thumb Code    32  llushr.o(.text)
    _ll_ushift_r                             0x08000125   Thumb Code     0  llushr.o(.text)
    __aeabi_memset                           0x08000145   Thumb Code    14  memseta.o(.text)
    __aeabi_memset4                          0x08000145   Thumb Code     0  memseta.o(.text)
    __aeabi_memset8                          0x08000145   Thumb Code     0  memseta.o(.text)
    __aeabi_memclr                           0x08000153   Thumb Code     4  memseta.o(.text)
    __aeabi_memclr4                          0x08000153   Thumb Code     0  memseta.o(.text)
    __aeabi_memclr8                          0x08000153   Thumb Code     0  memseta.o(.text)
    _memset$wrapper                          0x08000157   Thumb Code    18  memseta.o(.text)
    strstr                                   0x08000169   Thumb Code    36  strstr.o(.text)
    strlen                                   0x0800018d   Thumb Code    14  strlen.o(.text)
    __aeabi_dadd                             0x0800019b   Thumb Code   322  dadd.o(.text)
    __aeabi_dsub                             0x080002dd   Thumb Code     6  dadd.o(.text)
    __aeabi_drsub                            0x080002e3   Thumb Code     6  dadd.o(.text)
    __aeabi_dmul                             0x080002e9   Thumb Code   228  dmul.o(.text)
    __aeabi_ddiv                             0x080003cd   Thumb Code   222  ddiv.o(.text)
    __aeabi_ui2d                             0x080004ab   Thumb Code    26  dfltui.o(.text)
    __aeabi_f2d                              0x080004c5   Thumb Code    38  f2d.o(.text)
    __aeabi_d2f                              0x080004eb   Thumb Code    56  d2f.o(.text)
    __aeabi_uidiv                            0x08000523   Thumb Code     0  uidiv.o(.text)
    __aeabi_uidivmod                         0x08000523   Thumb Code    44  uidiv.o(.text)
    __aeabi_uldivmod                         0x0800054f   Thumb Code    98  uldiv.o(.text)
    __aeabi_llsl                             0x080005b1   Thumb Code    30  llshl.o(.text)
    _ll_shift_l                              0x080005b1   Thumb Code     0  llshl.o(.text)
    __aeabi_lasr                             0x080005cf   Thumb Code    36  llsshr.o(.text)
    _ll_sshift_r                             0x080005cf   Thumb Code     0  llsshr.o(.text)
    __I$use$fp                               0x080005f3   Thumb Code     0  iusefp.o(.text)
    _float_round                             0x080005f3   Thumb Code    18  fepilogue.o(.text)
    _float_epilogue                          0x08000605   Thumb Code    92  fepilogue.o(.text)
    _double_round                            0x08000661   Thumb Code    30  depilogue.o(.text)
    _double_epilogue                         0x0800067f   Thumb Code   156  depilogue.o(.text)
    __aeabi_d2ulz                            0x0800071b   Thumb Code    48  dfixul.o(.text)
    __aeabi_cdrcmple                         0x0800074d   Thumb Code    48  cdrcmple.o(.text)
    __scatterload                            0x0800077d   Thumb Code    28  init.o(.text)
    __scatterload_rt2                        0x0800077d   Thumb Code     0  init.o(.text)
    ADC1_2_IRQHandler                        0x080007a1   Thumb Code     6  stm32f1xx_it.o(i.ADC1_2_IRQHandler)
    ADC_ConversionStop_Disable               0x080007ad   Thumb Code    86  stm32f1xx_hal_adc.o(i.ADC_ConversionStop_Disable)
    ADC_DMAConvCplt                          0x08000803   Thumb Code    78  stm32f1xx_hal_adc.o(i.ADC_DMAConvCplt)
    ADC_DMAError                             0x08000851   Thumb Code    26  stm32f1xx_hal_adc.o(i.ADC_DMAError)
    ADC_DMAHalfConvCplt                      0x0800086b   Thumb Code    10  stm32f1xx_hal_adc.o(i.ADC_DMAHalfConvCplt)
    ADC_Enable                               0x08000875   Thumb Code   114  stm32f1xx_hal_adc.o(i.ADC_Enable)
    ADC_Output                               0x080008f1   Thumb Code   142  tcrt5000.o(i.ADC_Output)
    BusFault_Handler                         0x080009b5   Thumb Code     2  stm32f1xx_it.o(i.BusFault_Handler)
    DMA1_Channel1_IRQHandler                 0x080009b9   Thumb Code     6  stm32f1xx_it.o(i.DMA1_Channel1_IRQHandler)
    DMA1_Channel3_IRQHandler                 0x080009c5   Thumb Code     6  stm32f1xx_it.o(i.DMA1_Channel3_IRQHandler)
    DMA1_Channel5_IRQHandler                 0x080009d1   Thumb Code     6  stm32f1xx_it.o(i.DMA1_Channel5_IRQHandler)
    DMA1_Channel6_IRQHandler                 0x080009dd   Thumb Code     6  stm32f1xx_it.o(i.DMA1_Channel6_IRQHandler)
    DMA1_Channel7_IRQHandler                 0x080009e9   Thumb Code     6  stm32f1xx_it.o(i.DMA1_Channel7_IRQHandler)
    DebugMon_Handler                         0x08000a1f   Thumb Code     2  stm32f1xx_it.o(i.DebugMon_Handler)
    Disable_Echo                             0x08000a21   Thumb Code    42  tcp.o(i.Disable_Echo)
    Error_Handler                            0x08000a6d   Thumb Code     4  main.o(i.Error_Handler)
    Fire_Warning                             0x08000a71   Thumb Code    76  car.o(i.Fire_Warning)
    HAL_ADCEx_Calibration_Start              0x08000ae9   Thumb Code   210  stm32f1xx_hal_adc_ex.o(i.HAL_ADCEx_Calibration_Start)
    HAL_ADCEx_InjectedConvCpltCallback       0x08000bc1   Thumb Code     2  stm32f1xx_hal_adc_ex.o(i.HAL_ADCEx_InjectedConvCpltCallback)
    HAL_ADC_ConfigChannel                    0x08000bc5   Thumb Code   240  stm32f1xx_hal_adc.o(i.HAL_ADC_ConfigChannel)
    HAL_ADC_ConvCpltCallback                 0x08000cc1   Thumb Code     2  stm32f1xx_hal_adc.o(i.HAL_ADC_ConvCpltCallback)
    HAL_ADC_ConvHalfCpltCallback             0x08000cc3   Thumb Code     2  stm32f1xx_hal_adc.o(i.HAL_ADC_ConvHalfCpltCallback)
    HAL_ADC_ErrorCallback                    0x08000cc5   Thumb Code     2  stm32f1xx_hal_adc.o(i.HAL_ADC_ErrorCallback)
    HAL_ADC_IRQHandler                       0x08000cc7   Thumb Code   220  stm32f1xx_hal_adc.o(i.HAL_ADC_IRQHandler)
    HAL_ADC_Init                             0x08000da5   Thumb Code   272  stm32f1xx_hal_adc.o(i.HAL_ADC_Init)
    HAL_ADC_LevelOutOfWindowCallback         0x08000ec1   Thumb Code     2  stm32f1xx_hal_adc.o(i.HAL_ADC_LevelOutOfWindowCallback)
    HAL_ADC_MspInit                          0x08000ec5   Thumb Code   138  adc.o(i.HAL_ADC_MspInit)
    HAL_ADC_Start_DMA                        0x08000f65   Thumb Code   246  stm32f1xx_hal_adc.o(i.HAL_ADC_Start_DMA)
    HAL_DMA_Abort                            0x08001071   Thumb Code    70  stm32f1xx_hal_dma.o(i.HAL_DMA_Abort)
    HAL_DMA_Abort_IT                         0x080010b9   Thumb Code   148  stm32f1xx_hal_dma.o(i.HAL_DMA_Abort_IT)
    HAL_DMA_IRQHandler                       0x08001151   Thumb Code   316  stm32f1xx_hal_dma.o(i.HAL_DMA_IRQHandler)
    HAL_DMA_Init                             0x080012a5   Thumb Code    84  stm32f1xx_hal_dma.o(i.HAL_DMA_Init)
    HAL_DMA_Start_IT                         0x08001301   Thumb Code   112  stm32f1xx_hal_dma.o(i.HAL_DMA_Start_IT)
    HAL_Delay                                0x08001371   Thumb Code    32  stm32f1xx_hal.o(i.HAL_Delay)
    HAL_GPIO_Init                            0x08001395   Thumb Code   446  stm32f1xx_hal_gpio.o(i.HAL_GPIO_Init)
    HAL_GPIO_WritePin                        0x08001575   Thumb Code    10  stm32f1xx_hal_gpio.o(i.HAL_GPIO_WritePin)
    HAL_GetTick                              0x08001581   Thumb Code     6  stm32f1xx_hal.o(i.HAL_GetTick)
    HAL_IncTick                              0x0800158d   Thumb Code    12  stm32f1xx_hal.o(i.HAL_IncTick)
    HAL_Init                                 0x0800159d   Thumb Code    32  stm32f1xx_hal.o(i.HAL_Init)
    HAL_InitTick                             0x080015c1   Thumb Code    54  stm32f1xx_hal.o(i.HAL_InitTick)
    HAL_MspInit                              0x08001601   Thumb Code    52  stm32f1xx_hal_msp.o(i.HAL_MspInit)
    HAL_NVIC_EnableIRQ                       0x0800163d   Thumb Code    26  stm32f1xx_hal_cortex.o(i.HAL_NVIC_EnableIRQ)
    HAL_NVIC_SetPriority                     0x08001659   Thumb Code    60  stm32f1xx_hal_cortex.o(i.HAL_NVIC_SetPriority)
    HAL_NVIC_SetPriorityGrouping             0x08001699   Thumb Code    26  stm32f1xx_hal_cortex.o(i.HAL_NVIC_SetPriorityGrouping)
    HAL_RCCEx_GetPeriphCLKFreq               0x080016bd   Thumb Code   148  stm32f1xx_hal_rcc_ex.o(i.HAL_RCCEx_GetPeriphCLKFreq)
    HAL_RCCEx_PeriphCLKConfig                0x08001761   Thumb Code   224  stm32f1xx_hal_rcc_ex.o(i.HAL_RCCEx_PeriphCLKConfig)
    HAL_RCC_ClockConfig                      0x0800184d   Thumb Code   280  stm32f1xx_hal_rcc.o(i.HAL_RCC_ClockConfig)
    HAL_RCC_GetPCLK1Freq                     0x08001979   Thumb Code    20  stm32f1xx_hal_rcc.o(i.HAL_RCC_GetPCLK1Freq)
    HAL_RCC_GetPCLK2Freq                     0x08001999   Thumb Code    20  stm32f1xx_hal_rcc.o(i.HAL_RCC_GetPCLK2Freq)
    HAL_RCC_GetSysClockFreq                  0x080019b9   Thumb Code    58  stm32f1xx_hal_rcc.o(i.HAL_RCC_GetSysClockFreq)
    HAL_RCC_OscConfig                        0x08001a05   Thumb Code   778  stm32f1xx_hal_rcc.o(i.HAL_RCC_OscConfig)
    HAL_SYSTICK_Config                       0x08001d25   Thumb Code    40  stm32f1xx_hal_cortex.o(i.HAL_SYSTICK_Config)
    HAL_TIMEx_BreakCallback                  0x08001d4d   Thumb Code     2  stm32f1xx_hal_tim_ex.o(i.HAL_TIMEx_BreakCallback)
    HAL_TIMEx_CommutCallback                 0x08001d4f   Thumb Code     2  stm32f1xx_hal_tim_ex.o(i.HAL_TIMEx_CommutCallback)
    HAL_TIMEx_MasterConfigSynchronization    0x08001d51   Thumb Code    92  stm32f1xx_hal_tim_ex.o(i.HAL_TIMEx_MasterConfigSynchronization)
    HAL_TIM_Base_Init                        0x08001db9   Thumb Code    90  stm32f1xx_hal_tim.o(i.HAL_TIM_Base_Init)
    HAL_TIM_Base_MspInit                     0x08001e15   Thumb Code    72  tim.o(i.HAL_TIM_Base_MspInit)
    HAL_TIM_Base_Start                       0x08001e69   Thumb Code    66  stm32f1xx_hal_tim.o(i.HAL_TIM_Base_Start)
    HAL_TIM_ConfigClockSource                0x08001eb9   Thumb Code   220  stm32f1xx_hal_tim.o(i.HAL_TIM_ConfigClockSource)
    HAL_TIM_IC_CaptureCallback               0x08001f95   Thumb Code     2  stm32f1xx_hal_tim.o(i.HAL_TIM_IC_CaptureCallback)
    HAL_TIM_IC_Start_IT                      0x08001f99   Thumb Code   216  stm32f1xx_hal_tim.o(i.HAL_TIM_IC_Start_IT)
    HAL_TIM_IRQHandler                       0x0800207d   Thumb Code   358  stm32f1xx_hal_tim.o(i.HAL_TIM_IRQHandler)
    HAL_TIM_MspPostInit                      0x080021e5   Thumb Code   102  tim.o(i.HAL_TIM_MspPostInit)
    HAL_TIM_OC_DelayElapsedCallback          0x0800225d   Thumb Code     2  stm32f1xx_hal_tim.o(i.HAL_TIM_OC_DelayElapsedCallback)
    HAL_TIM_PWM_ConfigChannel                0x0800225f   Thumb Code   204  stm32f1xx_hal_tim.o(i.HAL_TIM_PWM_ConfigChannel)
    HAL_TIM_PWM_Init                         0x0800232b   Thumb Code    90  stm32f1xx_hal_tim.o(i.HAL_TIM_PWM_Init)
    HAL_TIM_PWM_MspInit                      0x08002385   Thumb Code    72  tim.o(i.HAL_TIM_PWM_MspInit)
    HAL_TIM_PWM_PulseFinishedCallback        0x080023d5   Thumb Code     2  stm32f1xx_hal_tim.o(i.HAL_TIM_PWM_PulseFinishedCallback)
    HAL_TIM_PWM_Start                        0x080023d9   Thumb Code   144  stm32f1xx_hal_tim.o(i.HAL_TIM_PWM_Start)
    HAL_TIM_PeriodElapsedCallback            0x08002475   Thumb Code     2  stm32f1xx_hal_tim.o(i.HAL_TIM_PeriodElapsedCallback)
    HAL_TIM_TriggerCallback                  0x08002477   Thumb Code     2  stm32f1xx_hal_tim.o(i.HAL_TIM_TriggerCallback)
    HAL_UARTEx_RxEventCallback               0x08002479   Thumb Code    80  usart.o(i.HAL_UARTEx_RxEventCallback)
    HAL_UART_DMAStop                         0x080024f5   Thumb Code   112  stm32f1xx_hal_uart.o(i.HAL_UART_DMAStop)
    HAL_UART_ErrorCallback                   0x08002565   Thumb Code     2  stm32f1xx_hal_uart.o(i.HAL_UART_ErrorCallback)
    HAL_UART_IRQHandler                      0x08002569   Thumb Code   616  stm32f1xx_hal_uart.o(i.HAL_UART_IRQHandler)
    HAL_UART_Init                            0x080027d5   Thumb Code   100  stm32f1xx_hal_uart.o(i.HAL_UART_Init)
    HAL_UART_MspInit                         0x08002839   Thumb Code   572  usart.o(i.HAL_UART_MspInit)
    HAL_UART_Receive_DMA                     0x08002aa1   Thumb Code    28  stm32f1xx_hal_uart.o(i.HAL_UART_Receive_DMA)
    HAL_UART_RxCpltCallback                  0x08002abd   Thumb Code     2  stm32f1xx_hal_uart.o(i.HAL_UART_RxCpltCallback)
    HAL_UART_RxHalfCpltCallback              0x08002abf   Thumb Code     2  stm32f1xx_hal_uart.o(i.HAL_UART_RxHalfCpltCallback)
    HAL_UART_Transmit                        0x08002ac1   Thumb Code   154  stm32f1xx_hal_uart.o(i.HAL_UART_Transmit)
    HAL_UART_Transmit_DMA                    0x08002b5d   Thumb Code   106  stm32f1xx_hal_uart.o(i.HAL_UART_Transmit_DMA)
    HAL_UART_Transmit_IT                     0x08002bd5   Thumb Code    50  stm32f1xx_hal_uart.o(i.HAL_UART_Transmit_IT)
    HAL_UART_TxCpltCallback                  0x08002c07   Thumb Code     2  stm32f1xx_hal_uart.o(i.HAL_UART_TxCpltCallback)
    HAL_UART_TxHalfCpltCallback              0x08002c09   Thumb Code     2  stm32f1xx_hal_uart.o(i.HAL_UART_TxHalfCpltCallback)
    HardFault_Handler                        0x08002c0b   Thumb Code     2  stm32f1xx_it.o(i.HardFault_Handler)
    Left_Motor                               0x08002c0d   Thumb Code    38  car.o(i.Left_Motor)
    MX_ADC1_Init                             0x08002c39   Thumb Code   116  adc.o(i.MX_ADC1_Init)
    MX_DMA_Init                              0x08002cb5   Thumb Code    88  dma.o(i.MX_DMA_Init)
    MX_GPIO_Init                             0x08002d11   Thumb Code   196  gpio.o(i.MX_GPIO_Init)
    MX_TIM1_Init                             0x08002de1   Thumb Code   100  tim.o(i.MX_TIM1_Init)
    MX_TIM2_Init                             0x08002e4d   Thumb Code   146  tim.o(i.MX_TIM2_Init)
    MX_TIM3_Init                             0x08002ee5   Thumb Code    94  tim.o(i.MX_TIM3_Init)
    MX_TIM4_Init                             0x08002f4d   Thumb Code   136  tim.o(i.MX_TIM4_Init)
    MX_USART1_UART_Init                      0x08002fdd   Thumb Code    48  usart.o(i.MX_USART1_UART_Init)
    MX_USART2_UART_Init                      0x08003015   Thumb Code    48  usart.o(i.MX_USART2_UART_Init)
    MX_USART3_UART_Init                      0x0800304d   Thumb Code    48  usart.o(i.MX_USART3_UART_Init)
    MemManage_Handler                        0x08003085   Thumb Code     2  stm32f1xx_it.o(i.MemManage_Handler)
    Motor_Backward                           0x08003087   Thumb Code    24  car.o(i.Motor_Backward)
    Motor_Control                            0x080030a1   Thumb Code    96  car.o(i.Motor_Control)
    Motor_Forward                            0x08003125   Thumb Code    24  car.o(i.Motor_Forward)
    Motor_Left                               0x0800313d   Thumb Code    24  car.o(i.Motor_Left)
    Motor_Right                              0x08003155   Thumb Code    22  car.o(i.Motor_Right)
    Motor_Slide                              0x0800316b   Thumb Code    22  car.o(i.Motor_Slide)
    Motor_Stop                               0x08003181   Thumb Code    26  car.o(i.Motor_Stop)
    NMI_Handler                              0x0800319b   Thumb Code     2  stm32f1xx_it.o(i.NMI_Handler)
    Open_TTT                                 0x0800319d   Thumb Code    46  tcp.o(i.Open_TTT)
    PendSV_Handler                           0x080031f1   Thumb Code     2  stm32f1xx_it.o(i.PendSV_Handler)
    Process_UART2_Data                       0x080031f5   Thumb Code    78  usart.o(i.Process_UART2_Data)
    Right_Motor                              0x08003299   Thumb Code    38  car.o(i.Right_Motor)
    SVC_Handler                              0x080032c5   Thumb Code     2  stm32f1xx_it.o(i.SVC_Handler)
    Set_WorkMode                             0x080032c9   Thumb Code    50  tcp.o(i.Set_WorkMode)
    Start_ADC_Conversion                     0x08003331   Thumb Code    22  tcrt5000.o(i.Start_ADC_Conversion)
    SysTick_Handler                          0x08003351   Thumb Code     4  stm32f1xx_it.o(i.SysTick_Handler)
    SystemClock_Config                       0x08003355   Thumb Code   120  main.o(i.SystemClock_Config)
    SystemInit                               0x080033cd   Thumb Code     2  system_stm32f1xx.o(i.SystemInit)
    TCP_Connect                              0x080033d1   Thumb Code    58  tcp.o(i.TCP_Connect)
    TCP_Init                                 0x08003461   Thumb Code    42  tcp.o(i.TCP_Init)
    TIM2_IRQHandler                          0x0800348d   Thumb Code     6  stm32f1xx_it.o(i.TIM2_IRQHandler)
    TIM3_IRQHandler                          0x08003499   Thumb Code     6  stm32f1xx_it.o(i.TIM3_IRQHandler)
    TIM_Base_SetConfig                       0x080034a5   Thumb Code    94  stm32f1xx_hal_tim.o(i.TIM_Base_SetConfig)
    TIM_CCxChannelCmd                        0x08003511   Thumb Code    26  stm32f1xx_hal_tim.o(i.TIM_CCxChannelCmd)
    TIM_ETR_SetConfig                        0x0800352b   Thumb Code    20  stm32f1xx_hal_tim.o(i.TIM_ETR_SetConfig)
    TIM_OC2_SetConfig                        0x080035a1   Thumb Code    84  stm32f1xx_hal_tim.o(i.TIM_OC2_SetConfig)
    UART_Start_Receive_DMA                   0x08003a09   Thumb Code   130  stm32f1xx_hal_uart.o(i.UART_Start_Receive_DMA)
    USART1_IRQHandler                        0x08003b11   Thumb Code    52  stm32f1xx_it.o(i.USART1_IRQHandler)
    USART2_IRQHandler                        0x08003b49   Thumb Code    52  stm32f1xx_it.o(i.USART2_IRQHandler)
    USART3_IRQHandler                        0x08003b81   Thumb Code   102  stm32f1xx_it.o(i.USART3_IRQHandler)
    UsageFault_Handler                       0x08003c05   Thumb Code     2  stm32f1xx_it.o(i.UsageFault_Handler)
    WIFI_Connect                             0x08003c09   Thumb Code    58  tcp.o(i.WIFI_Connect)
    __0printf                                0x08003c8d   Thumb Code    22  printfa.o(i.__0printf)
    __1printf                                0x08003c8d   Thumb Code     0  printfa.o(i.__0printf)
    __2printf                                0x08003c8d   Thumb Code     0  printfa.o(i.__0printf)
    __c89printf                              0x08003c8d   Thumb Code     0  printfa.o(i.__0printf)
    printf                                   0x08003c8d   Thumb Code     0  printfa.o(i.__0printf)
    __0sprintf                               0x08003cad   Thumb Code    34  printfa.o(i.__0sprintf)
    __1sprintf                               0x08003cad   Thumb Code     0  printfa.o(i.__0sprintf)
    __2sprintf                               0x08003cad   Thumb Code     0  printfa.o(i.__0sprintf)
    __c89sprintf                             0x08003cad   Thumb Code     0  printfa.o(i.__0sprintf)
    sprintf                                  0x08003cad   Thumb Code     0  printfa.o(i.__0sprintf)
    __scatterload_copy                       0x08003cf5   Thumb Code    14  handlers.o(i.__scatterload_copy)
    __scatterload_null                       0x08003d03   Thumb Code     2  handlers.o(i.__scatterload_null)
    __scatterload_zeroinit                   0x08003d05   Thumb Code    14  handlers.o(i.__scatterload_zeroinit)
    fputc                                    0x080045d1   Thumb Code    26  usart.o(i.fputc)
    have_OK                                  0x080045f1   Thumb Code    34  usart.o(i.have_OK)
    main                                     0x0800461d   Thumb Code   150  main.o(i.main)
    wait_OK                                  0x080046f5   Thumb Code    48  tcp.o(i.wait_OK)
    AHBPrescTable                            0x08004778   Data          16  system_stm32f1xx.o(.constdata)
    APBPrescTable                            0x08004788   Data           8  system_stm32f1xx.o(.constdata)
    Region$$Table$$Base                      0x0800479c   Number         0  anon$$obj.o(Region$$Table)
    Region$$Table$$Limit                     0x080047bc   Number         0  anon$$obj.o(Region$$Table)
    p_IsOK                                   0x20000000   Data           4  usart.o(.data)
    p_IsToReceive                            0x20000004   Data           4  usart.o(.data)
    WhichBufIsReady                          0x20000008   Data           1  usart.o(.data)
    uwTickFreq                               0x2000000c   Data           1  stm32f1xx_hal.o(.data)
    uwTickPrio                               0x20000010   Data           4  stm32f1xx_hal.o(.data)
    uwTick                                   0x20000014   Data           4  stm32f1xx_hal.o(.data)
    SystemCoreClock                          0x20000018   Data           4  system_stm32f1xx.o(.data)
    currentMode                              0x2000001c   Data           1  car.o(.data)
    adc_values                               0x20000020   Data           6  tcrt5000.o(.data)
    voltage                                  0x20000028   Data           8  tcrt5000.o(.data)
    Flag_UART2_receive_OK                    0x20000030   Data           1  tcp.o(.data)
    __stdout                                 0x20000034   Data           4  stdout.o(.data)
    hadc1                                    0x20000038   Data          48  adc.o(.bss)
    hdma_adc1                                0x20000068   Data          68  adc.o(.bss)
    htim1                                    0x200000ac   Data          72  tim.o(.bss)
    htim2                                    0x200000f4   Data          72  tim.o(.bss)
    htim3                                    0x2000013c   Data          72  tim.o(.bss)
    htim4                                    0x20000184   Data          72  tim.o(.bss)
    UART1_RXBuffer                           0x200001cc   Data        2048  usart.o(.bss)
    UART2_RXBuffer                           0x200009cc   Data        2048  usart.o(.bss)
    huart1                                   0x200011cc   Data          72  usart.o(.bss)
    huart2                                   0x20001214   Data          72  usart.o(.bss)
    huart3                                   0x2000125c   Data          72  usart.o(.bss)
    hdma_usart1_rx                           0x200012a4   Data          68  usart.o(.bss)
    hdma_usart2_tx                           0x200012e8   Data          68  usart.o(.bss)
    hdma_usart2_rx                           0x2000132c   Data          68  usart.o(.bss)
    hdma_usart3_rx                           0x20001370   Data          68  usart.o(.bss)
    UART3_RXBuffer1                          0x200013b4   Data        2048  usart.o(.bss)
    UART3_RXBuffer2                          0x20001bb4   Data        2048  usart.o(.bss)
    __initial_sp                             0x200027b8   Data           0  startup_stm32f103xb.o(STACK)



==============================================================================

Memory Map of the image

  Image Entry point : 0x080000ed

  Load Region LR_IROM1 (Base: 0x08000000, Size: 0x000047f4, Max: 0x00010000, ABSOLUTE)

    Execution Region ER_IROM1 (Exec base: 0x08000000, Load base: 0x08000000, Size: 0x000047bc, Max: 0x00010000, ABSOLUTE)

    Exec Addr    Load Addr    Size         Type   Attr      Idx    E Section Name        Object

    0x08000000   0x08000000   0x000000ec   Data   RO            3    RESET               startup_stm32f103xb.o
    0x080000ec   0x080000ec   0x00000000   Code   RO         3513  * .ARM.Collect$$$$00000000  mc_w.l(entry.o)
    0x080000ec   0x080000ec   0x00000004   Code   RO         3809    .ARM.Collect$$$$00000001  mc_w.l(entry2.o)
    0x080000f0   0x080000f0   0x00000004   Code   RO         3812    .ARM.Collect$$$$00000004  mc_w.l(entry5.o)
    0x080000f4   0x080000f4   0x00000000   Code   RO         3814    .ARM.Collect$$$$00000008  mc_w.l(entry7b.o)
    0x080000f4   0x080000f4   0x00000000   Code   RO         3816    .ARM.Collect$$$$0000000A  mc_w.l(entry8b.o)
    0x080000f4   0x080000f4   0x00000008   Code   RO         3817    .ARM.Collect$$$$0000000B  mc_w.l(entry9a.o)
    0x080000fc   0x080000fc   0x00000000   Code   RO         3819    .ARM.Collect$$$$0000000D  mc_w.l(entry10a.o)
    0x080000fc   0x080000fc   0x00000000   Code   RO         3821    .ARM.Collect$$$$0000000F  mc_w.l(entry11a.o)
    0x080000fc   0x080000fc   0x00000004   Code   RO         3810    .ARM.Collect$$$$00002712  mc_w.l(entry2.o)
    0x08000100   0x08000100   0x00000024   Code   RO            4    .text               startup_stm32f103xb.o
    0x08000124   0x08000124   0x00000020   Code   RO         3516    .text               mc_w.l(llushr.o)
    0x08000144   0x08000144   0x00000024   Code   RO         3518    .text               mc_w.l(memseta.o)
    0x08000168   0x08000168   0x00000024   Code   RO         3520    .text               mc_w.l(strstr.o)
    0x0800018c   0x0800018c   0x0000000e   Code   RO         3522    .text               mc_w.l(strlen.o)
    0x0800019a   0x0800019a   0x0000014e   Code   RO         3791    .text               mf_w.l(dadd.o)
    0x080002e8   0x080002e8   0x000000e4   Code   RO         3793    .text               mf_w.l(dmul.o)
    0x080003cc   0x080003cc   0x000000de   Code   RO         3795    .text               mf_w.l(ddiv.o)
    0x080004aa   0x080004aa   0x0000001a   Code   RO         3801    .text               mf_w.l(dfltui.o)
    0x080004c4   0x080004c4   0x00000026   Code   RO         3805    .text               mf_w.l(f2d.o)
    0x080004ea   0x080004ea   0x00000038   Code   RO         3807    .text               mf_w.l(d2f.o)
    0x08000522   0x08000522   0x0000002c   Code   RO         3824    .text               mc_w.l(uidiv.o)
    0x0800054e   0x0800054e   0x00000062   Code   RO         3826    .text               mc_w.l(uldiv.o)
    0x080005b0   0x080005b0   0x0000001e   Code   RO         3828    .text               mc_w.l(llshl.o)
    0x080005ce   0x080005ce   0x00000024   Code   RO         3830    .text               mc_w.l(llsshr.o)
    0x080005f2   0x080005f2   0x00000000   Code   RO         3832    .text               mc_w.l(iusefp.o)
    0x080005f2   0x080005f2   0x0000006e   Code   RO         3833    .text               mf_w.l(fepilogue.o)
    0x08000660   0x08000660   0x000000ba   Code   RO         3835    .text               mf_w.l(depilogue.o)
    0x0800071a   0x0800071a   0x00000030   Code   RO         3837    .text               mf_w.l(dfixul.o)
    0x0800074a   0x0800074a   0x00000002   PAD
    0x0800074c   0x0800074c   0x00000030   Code   RO         3839    .text               mf_w.l(cdrcmple.o)
    0x0800077c   0x0800077c   0x00000024   Code   RO         3841    .text               mc_w.l(init.o)
    0x080007a0   0x080007a0   0x0000000c   Code   RO          446    i.ADC1_2_IRQHandler  stm32f1xx_it.o
    0x080007ac   0x080007ac   0x00000056   Code   RO          648    i.ADC_ConversionStop_Disable  stm32f1xx_hal_adc.o
    0x08000802   0x08000802   0x0000004e   Code   RO          649    i.ADC_DMAConvCplt   stm32f1xx_hal_adc.o
    0x08000850   0x08000850   0x0000001a   Code   RO          650    i.ADC_DMAError      stm32f1xx_hal_adc.o
    0x0800086a   0x0800086a   0x0000000a   Code   RO          651    i.ADC_DMAHalfConvCplt  stm32f1xx_hal_adc.o
    0x08000874   0x08000874   0x0000007c   Code   RO          652    i.ADC_Enable        stm32f1xx_hal_adc.o
    0x080008f0   0x080008f0   0x000000c4   Code   RO         3404    i.ADC_Output        tcrt5000.o
    0x080009b4   0x080009b4   0x00000002   Code   RO          447    i.BusFault_Handler  stm32f1xx_it.o
    0x080009b6   0x080009b6   0x00000002   PAD
    0x080009b8   0x080009b8   0x0000000c   Code   RO          448    i.DMA1_Channel1_IRQHandler  stm32f1xx_it.o
    0x080009c4   0x080009c4   0x0000000c   Code   RO          449    i.DMA1_Channel3_IRQHandler  stm32f1xx_it.o
    0x080009d0   0x080009d0   0x0000000c   Code   RO          450    i.DMA1_Channel5_IRQHandler  stm32f1xx_it.o
    0x080009dc   0x080009dc   0x0000000c   Code   RO          451    i.DMA1_Channel6_IRQHandler  stm32f1xx_it.o
    0x080009e8   0x080009e8   0x0000000c   Code   RO          452    i.DMA1_Channel7_IRQHandler  stm32f1xx_it.o
    0x080009f4   0x080009f4   0x0000002a   Code   RO         1304    i.DMA_SetConfig     stm32f1xx_hal_dma.o
    0x08000a1e   0x08000a1e   0x00000002   Code   RO          453    i.DebugMon_Handler  stm32f1xx_it.o
    0x08000a20   0x08000a20   0x0000004c   Code   RO         3449    i.Disable_Echo      tcp.o
    0x08000a6c   0x08000a6c   0x00000004   Code   RO           13    i.Error_Handler     main.o
    0x08000a70   0x08000a70   0x00000078   Code   RO         3276    i.Fire_Warning      car.o
    0x08000ae8   0x08000ae8   0x000000d8   Code   RO          828    i.HAL_ADCEx_Calibration_Start  stm32f1xx_hal_adc_ex.o
    0x08000bc0   0x08000bc0   0x00000002   Code   RO          830    i.HAL_ADCEx_InjectedConvCpltCallback  stm32f1xx_hal_adc_ex.o
    0x08000bc2   0x08000bc2   0x00000002   PAD
    0x08000bc4   0x08000bc4   0x000000fc   Code   RO          654    i.HAL_ADC_ConfigChannel  stm32f1xx_hal_adc.o
    0x08000cc0   0x08000cc0   0x00000002   Code   RO          655    i.HAL_ADC_ConvCpltCallback  stm32f1xx_hal_adc.o
    0x08000cc2   0x08000cc2   0x00000002   Code   RO          656    i.HAL_ADC_ConvHalfCpltCallback  stm32f1xx_hal_adc.o
    0x08000cc4   0x08000cc4   0x00000002   Code   RO          658    i.HAL_ADC_ErrorCallback  stm32f1xx_hal_adc.o
    0x08000cc6   0x08000cc6   0x000000dc   Code   RO          662    i.HAL_ADC_IRQHandler  stm32f1xx_hal_adc.o
    0x08000da2   0x08000da2   0x00000002   PAD
    0x08000da4   0x08000da4   0x0000011c   Code   RO          663    i.HAL_ADC_Init      stm32f1xx_hal_adc.o
    0x08000ec0   0x08000ec0   0x00000002   Code   RO          664    i.HAL_ADC_LevelOutOfWindowCallback  stm32f1xx_hal_adc.o
    0x08000ec2   0x08000ec2   0x00000002   PAD
    0x08000ec4   0x08000ec4   0x000000a0   Code   RO          207    i.HAL_ADC_MspInit   adc.o
    0x08000f64   0x08000f64   0x0000010c   Code   RO          670    i.HAL_ADC_Start_DMA  stm32f1xx_hal_adc.o
    0x08001070   0x08001070   0x00000046   Code   RO         1305    i.HAL_DMA_Abort     stm32f1xx_hal_dma.o
    0x080010b6   0x080010b6   0x00000002   PAD
    0x080010b8   0x080010b8   0x00000098   Code   RO         1306    i.HAL_DMA_Abort_IT  stm32f1xx_hal_dma.o
    0x08001150   0x08001150   0x00000154   Code   RO         1310    i.HAL_DMA_IRQHandler  stm32f1xx_hal_dma.o
    0x080012a4   0x080012a4   0x0000005c   Code   RO         1311    i.HAL_DMA_Init      stm32f1xx_hal_dma.o
    0x08001300   0x08001300   0x00000070   Code   RO         1315    i.HAL_DMA_Start_IT  stm32f1xx_hal_dma.o
    0x08001370   0x08001370   0x00000024   Code   RO          931    i.HAL_Delay         stm32f1xx_hal.o
    0x08001394   0x08001394   0x000001e0   Code   RO         1241    i.HAL_GPIO_Init     stm32f1xx_hal_gpio.o
    0x08001574   0x08001574   0x0000000a   Code   RO         1245    i.HAL_GPIO_WritePin  stm32f1xx_hal_gpio.o
    0x0800157e   0x0800157e   0x00000002   PAD
    0x08001580   0x08001580   0x0000000c   Code   RO          935    i.HAL_GetTick       stm32f1xx_hal.o
    0x0800158c   0x0800158c   0x00000010   Code   RO          941    i.HAL_IncTick       stm32f1xx_hal.o
    0x0800159c   0x0800159c   0x00000024   Code   RO          942    i.HAL_Init          stm32f1xx_hal.o
    0x080015c0   0x080015c0   0x00000040   Code   RO          943    i.HAL_InitTick      stm32f1xx_hal.o
    0x08001600   0x08001600   0x0000003c   Code   RO          588    i.HAL_MspInit       stm32f1xx_hal_msp.o
    0x0800163c   0x0800163c   0x0000001a   Code   RO         1401    i.HAL_NVIC_EnableIRQ  stm32f1xx_hal_cortex.o
    0x08001656   0x08001656   0x00000002   PAD
    0x08001658   0x08001658   0x00000040   Code   RO         1407    i.HAL_NVIC_SetPriority  stm32f1xx_hal_cortex.o
    0x08001698   0x08001698   0x00000024   Code   RO         1408    i.HAL_NVIC_SetPriorityGrouping  stm32f1xx_hal_cortex.o
    0x080016bc   0x080016bc   0x000000a4   Code   RO         1202    i.HAL_RCCEx_GetPeriphCLKFreq  stm32f1xx_hal_rcc_ex.o
    0x08001760   0x08001760   0x000000ec   Code   RO         1203    i.HAL_RCCEx_PeriphCLKConfig  stm32f1xx_hal_rcc_ex.o
    0x0800184c   0x0800184c   0x0000012c   Code   RO         1099    i.HAL_RCC_ClockConfig  stm32f1xx_hal_rcc.o
    0x08001978   0x08001978   0x00000020   Code   RO         1106    i.HAL_RCC_GetPCLK1Freq  stm32f1xx_hal_rcc.o
    0x08001998   0x08001998   0x00000020   Code   RO         1107    i.HAL_RCC_GetPCLK2Freq  stm32f1xx_hal_rcc.o
    0x080019b8   0x080019b8   0x0000004c   Code   RO         1108    i.HAL_RCC_GetSysClockFreq  stm32f1xx_hal_rcc.o
    0x08001a04   0x08001a04   0x00000320   Code   RO         1111    i.HAL_RCC_OscConfig  stm32f1xx_hal_rcc.o
    0x08001d24   0x08001d24   0x00000028   Code   RO         1412    i.HAL_SYSTICK_Config  stm32f1xx_hal_cortex.o
    0x08001d4c   0x08001d4c   0x00000002   Code   RO         2607    i.HAL_TIMEx_BreakCallback  stm32f1xx_hal_tim_ex.o
    0x08001d4e   0x08001d4e   0x00000002   Code   RO         2608    i.HAL_TIMEx_CommutCallback  stm32f1xx_hal_tim_ex.o
    0x08001d50   0x08001d50   0x00000068   Code   RO         2626    i.HAL_TIMEx_MasterConfigSynchronization  stm32f1xx_hal_tim_ex.o
    0x08001db8   0x08001db8   0x0000005a   Code   RO         1903    i.HAL_TIM_Base_Init  stm32f1xx_hal_tim.o
    0x08001e12   0x08001e12   0x00000002   PAD
    0x08001e14   0x08001e14   0x00000054   Code   RO          273    i.HAL_TIM_Base_MspInit  tim.o
    0x08001e68   0x08001e68   0x00000050   Code   RO         1906    i.HAL_TIM_Base_Start  stm32f1xx_hal_tim.o
    0x08001eb8   0x08001eb8   0x000000dc   Code   RO         1912    i.HAL_TIM_ConfigClockSource  stm32f1xx_hal_tim.o
    0x08001f94   0x08001f94   0x00000002   Code   RO         1937    i.HAL_TIM_IC_CaptureCallback  stm32f1xx_hal_tim.o
    0x08001f96   0x08001f96   0x00000002   PAD
    0x08001f98   0x08001f98   0x000000e4   Code   RO         1947    i.HAL_TIM_IC_Start_IT  stm32f1xx_hal_tim.o
    0x0800207c   0x0800207c   0x00000166   Code   RO         1951    i.HAL_TIM_IRQHandler  stm32f1xx_hal_tim.o
    0x080021e2   0x080021e2   0x00000002   PAD
    0x080021e4   0x080021e4   0x00000078   Code   RO          274    i.HAL_TIM_MspPostInit  tim.o
    0x0800225c   0x0800225c   0x00000002   Code   RO         1954    i.HAL_TIM_OC_DelayElapsedCallback  stm32f1xx_hal_tim.o
    0x0800225e   0x0800225e   0x000000cc   Code   RO         1975    i.HAL_TIM_PWM_ConfigChannel  stm32f1xx_hal_tim.o
    0x0800232a   0x0800232a   0x0000005a   Code   RO         1978    i.HAL_TIM_PWM_Init  stm32f1xx_hal_tim.o
    0x08002384   0x08002384   0x00000050   Code   RO          276    i.HAL_TIM_PWM_MspInit  tim.o
    0x080023d4   0x080023d4   0x00000002   Code   RO         1981    i.HAL_TIM_PWM_PulseFinishedCallback  stm32f1xx_hal_tim.o
    0x080023d6   0x080023d6   0x00000002   PAD
    0x080023d8   0x080023d8   0x0000009c   Code   RO         1983    i.HAL_TIM_PWM_Start  stm32f1xx_hal_tim.o
    0x08002474   0x08002474   0x00000002   Code   RO         1989    i.HAL_TIM_PeriodElapsedCallback  stm32f1xx_hal_tim.o
    0x08002476   0x08002476   0x00000002   Code   RO         1994    i.HAL_TIM_TriggerCallback  stm32f1xx_hal_tim.o
    0x08002478   0x08002478   0x0000007c   Code   RO          356    i.HAL_UARTEx_RxEventCallback  usart.o
    0x080024f4   0x080024f4   0x00000070   Code   RO         2898    i.HAL_UART_DMAStop  stm32f1xx_hal_uart.o
    0x08002564   0x08002564   0x00000002   Code   RO         2900    i.HAL_UART_ErrorCallback  stm32f1xx_hal_uart.o
    0x08002566   0x08002566   0x00000002   PAD
    0x08002568   0x08002568   0x0000026c   Code   RO         2903    i.HAL_UART_IRQHandler  stm32f1xx_hal_uart.o
    0x080027d4   0x080027d4   0x00000064   Code   RO         2904    i.HAL_UART_Init     stm32f1xx_hal_uart.o
    0x08002838   0x08002838   0x00000268   Code   RO          358    i.HAL_UART_MspInit  usart.o
    0x08002aa0   0x08002aa0   0x0000001c   Code   RO         2908    i.HAL_UART_Receive_DMA  stm32f1xx_hal_uart.o
    0x08002abc   0x08002abc   0x00000002   Code   RO         2910    i.HAL_UART_RxCpltCallback  stm32f1xx_hal_uart.o
    0x08002abe   0x08002abe   0x00000002   Code   RO         2911    i.HAL_UART_RxHalfCpltCallback  stm32f1xx_hal_uart.o
    0x08002ac0   0x08002ac0   0x0000009a   Code   RO         2912    i.HAL_UART_Transmit  stm32f1xx_hal_uart.o
    0x08002b5a   0x08002b5a   0x00000002   PAD
    0x08002b5c   0x08002b5c   0x00000078   Code   RO         2913    i.HAL_UART_Transmit_DMA  stm32f1xx_hal_uart.o
    0x08002bd4   0x08002bd4   0x00000032   Code   RO         2914    i.HAL_UART_Transmit_IT  stm32f1xx_hal_uart.o
    0x08002c06   0x08002c06   0x00000002   Code   RO         2915    i.HAL_UART_TxCpltCallback  stm32f1xx_hal_uart.o
    0x08002c08   0x08002c08   0x00000002   Code   RO         2916    i.HAL_UART_TxHalfCpltCallback  stm32f1xx_hal_uart.o
    0x08002c0a   0x08002c0a   0x00000002   Code   RO          454    i.HardFault_Handler  stm32f1xx_it.o
    0x08002c0c   0x08002c0c   0x0000002c   Code   RO         3277    i.Left_Motor        car.o
    0x08002c38   0x08002c38   0x0000007c   Code   RO          208    i.MX_ADC1_Init      adc.o
    0x08002cb4   0x08002cb4   0x0000005c   Code   RO          248    i.MX_DMA_Init       dma.o
    0x08002d10   0x08002d10   0x000000d0   Code   RO          182    i.MX_GPIO_Init      gpio.o
    0x08002de0   0x08002de0   0x0000006c   Code   RO          277    i.MX_TIM1_Init      tim.o
    0x08002e4c   0x08002e4c   0x00000098   Code   RO          278    i.MX_TIM2_Init      tim.o
    0x08002ee4   0x08002ee4   0x00000068   Code   RO          279    i.MX_TIM3_Init      tim.o
    0x08002f4c   0x08002f4c   0x00000090   Code   RO          280    i.MX_TIM4_Init      tim.o
    0x08002fdc   0x08002fdc   0x00000038   Code   RO          359    i.MX_USART1_UART_Init  usart.o
    0x08003014   0x08003014   0x00000038   Code   RO          360    i.MX_USART2_UART_Init  usart.o
    0x0800304c   0x0800304c   0x00000038   Code   RO          361    i.MX_USART3_UART_Init  usart.o
    0x08003084   0x08003084   0x00000002   Code   RO          455    i.MemManage_Handler  stm32f1xx_it.o
    0x08003086   0x08003086   0x00000018   Code   RO         3278    i.Motor_Backward    car.o
    0x0800309e   0x0800309e   0x00000002   PAD
    0x080030a0   0x080030a0   0x00000084   Code   RO         3279    i.Motor_Control     car.o
    0x08003124   0x08003124   0x00000018   Code   RO         3280    i.Motor_Forward     car.o
    0x0800313c   0x0800313c   0x00000018   Code   RO         3281    i.Motor_Left        car.o
    0x08003154   0x08003154   0x00000016   Code   RO         3282    i.Motor_Right       car.o
    0x0800316a   0x0800316a   0x00000016   Code   RO         3283    i.Motor_Slide       car.o
    0x08003180   0x08003180   0x0000001a   Code   RO         3284    i.Motor_Stop        car.o
    0x0800319a   0x0800319a   0x00000002   Code   RO          456    i.NMI_Handler       stm32f1xx_it.o
    0x0800319c   0x0800319c   0x00000054   Code   RO         3450    i.Open_TTT          tcp.o
    0x080031f0   0x080031f0   0x00000002   Code   RO          457    i.PendSV_Handler    stm32f1xx_it.o
    0x080031f2   0x080031f2   0x00000002   PAD
    0x080031f4   0x080031f4   0x000000a4   Code   RO          363    i.Process_UART2_Data  usart.o
    0x08003298   0x08003298   0x0000002c   Code   RO         3287    i.Right_Motor       car.o
    0x080032c4   0x080032c4   0x00000002   Code   RO          458    i.SVC_Handler       stm32f1xx_it.o
    0x080032c6   0x080032c6   0x00000002   PAD
    0x080032c8   0x080032c8   0x00000068   Code   RO         3451    i.Set_WorkMode      tcp.o
    0x08003330   0x08003330   0x00000020   Code   RO         3405    i.Start_ADC_Conversion  tcrt5000.o
    0x08003350   0x08003350   0x00000004   Code   RO          459    i.SysTick_Handler   stm32f1xx_it.o
    0x08003354   0x08003354   0x00000078   Code   RO           14    i.SystemClock_Config  main.o
    0x080033cc   0x080033cc   0x00000002   Code   RO         3238    i.SystemInit        system_stm32f1xx.o
    0x080033ce   0x080033ce   0x00000002   PAD
    0x080033d0   0x080033d0   0x00000090   Code   RO         3452    i.TCP_Connect       tcp.o
    0x08003460   0x08003460   0x0000002a   Code   RO         3453    i.TCP_Init          tcp.o
    0x0800348a   0x0800348a   0x00000002   PAD
    0x0800348c   0x0800348c   0x0000000c   Code   RO          460    i.TIM2_IRQHandler   stm32f1xx_it.o
    0x08003498   0x08003498   0x0000000c   Code   RO          461    i.TIM3_IRQHandler   stm32f1xx_it.o
    0x080034a4   0x080034a4   0x0000006c   Code   RO         1996    i.TIM_Base_SetConfig  stm32f1xx_hal_tim.o
    0x08003510   0x08003510   0x0000001a   Code   RO         1997    i.TIM_CCxChannelCmd  stm32f1xx_hal_tim.o
    0x0800352a   0x0800352a   0x00000014   Code   RO         2007    i.TIM_ETR_SetConfig  stm32f1xx_hal_tim.o
    0x0800353e   0x0800353e   0x00000010   Code   RO         2008    i.TIM_ITRx_SetConfig  stm32f1xx_hal_tim.o
    0x0800354e   0x0800354e   0x00000002   PAD
    0x08003550   0x08003550   0x00000050   Code   RO         2009    i.TIM_OC1_SetConfig  stm32f1xx_hal_tim.o
    0x080035a0   0x080035a0   0x00000058   Code   RO         2010    i.TIM_OC2_SetConfig  stm32f1xx_hal_tim.o
    0x080035f8   0x080035f8   0x00000058   Code   RO         2011    i.TIM_OC3_SetConfig  stm32f1xx_hal_tim.o
    0x08003650   0x08003650   0x00000044   Code   RO         2012    i.TIM_OC4_SetConfig  stm32f1xx_hal_tim.o
    0x08003694   0x08003694   0x00000022   Code   RO         2014    i.TIM_TI1_ConfigInputStage  stm32f1xx_hal_tim.o
    0x080036b6   0x080036b6   0x00000024   Code   RO         2016    i.TIM_TI2_ConfigInputStage  stm32f1xx_hal_tim.o
    0x080036da   0x080036da   0x00000010   Code   RO         2917    i.UART_DMAAbortOnError  stm32f1xx_hal_uart.o
    0x080036ea   0x080036ea   0x0000004a   Code   RO         2918    i.UART_DMAError     stm32f1xx_hal_uart.o
    0x08003734   0x08003734   0x00000086   Code   RO         2919    i.UART_DMAReceiveCplt  stm32f1xx_hal_uart.o
    0x080037ba   0x080037ba   0x0000001e   Code   RO         2921    i.UART_DMARxHalfCplt  stm32f1xx_hal_uart.o
    0x080037d8   0x080037d8   0x00000042   Code   RO         2923    i.UART_DMATransmitCplt  stm32f1xx_hal_uart.o
    0x0800381a   0x0800381a   0x0000000a   Code   RO         2925    i.UART_DMATxHalfCplt  stm32f1xx_hal_uart.o
    0x08003824   0x08003824   0x0000004e   Code   RO         2927    i.UART_EndRxTransfer  stm32f1xx_hal_uart.o
    0x08003872   0x08003872   0x0000001c   Code   RO         2928    i.UART_EndTxTransfer  stm32f1xx_hal_uart.o
    0x0800388e   0x0800388e   0x000000c2   Code   RO         2929    i.UART_Receive_IT   stm32f1xx_hal_uart.o
    0x08003950   0x08003950   0x000000b8   Code   RO         2930    i.UART_SetConfig    stm32f1xx_hal_uart.o
    0x08003a08   0x08003a08   0x00000090   Code   RO         2931    i.UART_Start_Receive_DMA  stm32f1xx_hal_uart.o
    0x08003a98   0x08003a98   0x00000078   Code   RO         2933    i.UART_WaitOnFlagUntilTimeout  stm32f1xx_hal_uart.o
    0x08003b10   0x08003b10   0x00000038   Code   RO          462    i.USART1_IRQHandler  stm32f1xx_it.o
    0x08003b48   0x08003b48   0x00000038   Code   RO          463    i.USART2_IRQHandler  stm32f1xx_it.o
    0x08003b80   0x08003b80   0x00000084   Code   RO          464    i.USART3_IRQHandler  stm32f1xx_it.o
    0x08003c04   0x08003c04   0x00000002   Code   RO          465    i.UsageFault_Handler  stm32f1xx_it.o
    0x08003c06   0x08003c06   0x00000002   PAD
    0x08003c08   0x08003c08   0x00000084   Code   RO         3454    i.WIFI_Connect      tcp.o
    0x08003c8c   0x08003c8c   0x00000020   Code   RO         3757    i.__0printf         mc_w.l(printfa.o)
    0x08003cac   0x08003cac   0x00000028   Code   RO         3759    i.__0sprintf        mc_w.l(printfa.o)
    0x08003cd4   0x08003cd4   0x00000020   Code   RO         1414    i.__NVIC_SetPriority  stm32f1xx_hal_cortex.o
    0x08003cf4   0x08003cf4   0x0000000e   Code   RO         3845    i.__scatterload_copy  mc_w.l(handlers.o)
    0x08003d02   0x08003d02   0x00000002   Code   RO         3846    i.__scatterload_null  mc_w.l(handlers.o)
    0x08003d04   0x08003d04   0x0000000e   Code   RO         3847    i.__scatterload_zeroinit  mc_w.l(handlers.o)
    0x08003d12   0x08003d12   0x00000002   PAD
    0x08003d14   0x08003d14   0x00000184   Code   RO         3764    i._fp_digits        mc_w.l(printfa.o)
    0x08003e98   0x08003e98   0x000006dc   Code   RO         3765    i._printf_core      mc_w.l(printfa.o)
    0x08004574   0x08004574   0x00000024   Code   RO         3766    i._printf_post_padding  mc_w.l(printfa.o)
    0x08004598   0x08004598   0x0000002e   Code   RO         3767    i._printf_pre_padding  mc_w.l(printfa.o)
    0x080045c6   0x080045c6   0x0000000a   Code   RO         3769    i._sputc            mc_w.l(printfa.o)
    0x080045d0   0x080045d0   0x00000020   Code   RO          364    i.fputc             usart.o
    0x080045f0   0x080045f0   0x0000002c   Code   RO          365    i.have_OK           usart.o
    0x0800461c   0x0800461c   0x000000d8   Code   RO           15    i.main              main.o
    0x080046f4   0x080046f4   0x00000060   Code   RO         3455    i.wait_OK           tcp.o
    0x08004754   0x08004754   0x00000012   Data   RO         1112    .constdata          stm32f1xx_hal_rcc.o
    0x08004766   0x08004766   0x00000012   Data   RO         1204    .constdata          stm32f1xx_hal_rcc_ex.o
    0x08004778   0x08004778   0x00000010   Data   RO         3239    .constdata          system_stm32f1xx.o
    0x08004788   0x08004788   0x00000008   Data   RO         3240    .constdata          system_stm32f1xx.o
    0x08004790   0x08004790   0x0000000a   Data   RO         3456    .constdata          tcp.o
    0x0800479a   0x0800479a   0x00000002   PAD
    0x0800479c   0x0800479c   0x00000020   Data   RO         3843    Region$$Table       anon$$obj.o


    Execution Region RW_IRAM1 (Exec base: 0x20000000, Load base: 0x080047bc, Size: 0x000027b8, Max: 0x00005000, ABSOLUTE)

    Exec Addr    Load Addr    Size         Type   Attr      Idx    E Section Name        Object

    0x20000000   0x080047bc   0x00000004   Data   RW          369    .data               usart.o
    0x20000004   0x080047c0   0x00000004   Data   RW          370    .data               usart.o
    0x20000008   0x080047c4   0x00000001   Data   RW          371    .data               usart.o
    0x20000009   0x080047c5   0x00000003   PAD
    0x2000000c   0x080047c8   0x0000000c   Data   RW          949    .data               stm32f1xx_hal.o
    0x20000018   0x080047d4   0x00000004   Data   RW         3241    .data               system_stm32f1xx.o
    0x2000001c   0x080047d8   0x00000001   Data   RW         3288    .data               car.o
    0x2000001d   0x080047d9   0x00000003   PAD
    0x20000020   0x080047dc   0x00000010   Data   RW         3408    .data               tcrt5000.o
    0x20000030   0x080047ec   0x00000001   Data   RW         3457    .data               tcp.o
    0x20000031   0x080047ed   0x00000003   PAD
    0x20000034   0x080047f0   0x00000004   Data   RW         3823    .data               mc_w.l(stdout.o)
    0x20000038        -       0x00000074   Zero   RW          209    .bss                adc.o
    0x200000ac        -       0x00000120   Zero   RW          282    .bss                tim.o
    0x200001cc        -       0x000011e8   Zero   RW          366    .bss                usart.o
    0x200013b4        -       0x00000800   Zero   RW          367    .bss                usart.o
    0x20001bb4        -       0x00000800   Zero   RW          368    .bss                usart.o
    0x200023b4   0x080047f4   0x00000004   PAD
    0x200023b8        -       0x00000400   Zero   RW            1    STACK               startup_stm32f103xb.o


==============================================================================

Image component sizes


      Code (inc. data)   RO Data    RW Data    ZI Data      Debug   Object Name

       284         30          0          0        116       1719   adc.o
       482         92          0          1          0       6696   car.o
        92          4          0          0          0        746   dma.o
       208         12          0          0          0        947   gpio.o
       340         66          0          0          0     450080   main.o
        36          8        236          0       1024        784   startup_stm32f103xb.o
       164         28          0         12          0       5761   stm32f1xx_hal.o
      1356         56          0          0          0       9650   stm32f1xx_hal_adc.o
       218          6          0          0          0       1923   stm32f1xx_hal_adc_ex.o
       198         14          0          0          0      28839   stm32f1xx_hal_cortex.o
       808         36          0          0          0       4862   stm32f1xx_hal_dma.o
       490         34          0          0          0       2832   stm32f1xx_hal_gpio.o
        60          8          0          0          0        838   stm32f1xx_hal_msp.o
      1240         84         18          0          0       5004   stm32f1xx_hal_rcc.o
       400         28         18          0          0       2417   stm32f1xx_hal_rcc_ex.o
      2000         72          0          0          0      16667   stm32f1xx_hal_tim.o
       108         12          0          0          0       2329   stm32f1xx_hal_tim_ex.o
      2272         38          0          0          0      17573   stm32f1xx_hal_uart.o
       360         86          0          0          0       9460   stm32f1xx_it.o
         2          0         24          4          0       1059   system_stm32f1xx.o
       678        334         10          1          0       3627   tcp.o
       228         64          0         16          0       1649   tcrt5000.o
       792         70          0          0        288       4753   tim.o
      1148        214          0          9       8680       6078   usart.o

    ----------------------------------------------------------------------
     14004       1396        340         52      10112     586293   Object Totals
         0          0         32          0          0          0   (incl. Generated)
        40          0          2          9          4          0   (incl. Padding)

    ----------------------------------------------------------------------

      Code (inc. data)   RO Data    RW Data    ZI Data      Debug   Library Member Name

         0          0          0          0          0          0   entry.o
         0          0          0          0          0          0   entry10a.o
         0          0          0          0          0          0   entry11a.o
         8          4          0          0          0          0   entry2.o
         4          0          0          0          0          0   entry5.o
         0          0          0          0          0          0   entry7b.o
         0          0          0          0          0          0   entry8b.o
         8          4          0          0          0          0   entry9a.o
        30          0          0          0          0          0   handlers.o
        36          8          0          0          0         68   init.o
         0          0          0          0          0          0   iusefp.o
        30          0          0          0          0         68   llshl.o
        36          0          0          0          0         68   llsshr.o
        32          0          0          0          0         68   llushr.o
        36          0          0          0          0        108   memseta.o
      2308         96          0          0          0        604   printfa.o
         0          0          0          4          0          0   stdout.o
        14          0          0          0          0         68   strlen.o
        36          0          0          0          0         80   strstr.o
        44          0          0          0          0         80   uidiv.o
        98          0          0          0          0         92   uldiv.o
        48          0          0          0          0         68   cdrcmple.o
        56          0          0          0          0         88   d2f.o
       334          0          0          0          0        148   dadd.o
       222          0          0          0          0        100   ddiv.o
       186          0          0          0          0        176   depilogue.o
        48          0          0          0          0         68   dfixul.o
        26          0          0          0          0         76   dfltui.o
       228          0          0          0          0         96   dmul.o
        38          0          0          0          0         68   f2d.o
       110          0          0          0          0        168   fepilogue.o

    ----------------------------------------------------------------------
      4020        112          0          4          0       2360   Library Totals
         4          0          0          0          0          0   (incl. Padding)

    ----------------------------------------------------------------------

      Code (inc. data)   RO Data    RW Data    ZI Data      Debug   Library Name

      2720        112          0          4          0       1304   mc_w.l
      1296          0          0          0          0       1056   mf_w.l

    ----------------------------------------------------------------------
      4020        112          0          4          0       2360   Library Totals

    ----------------------------------------------------------------------

==============================================================================


      Code (inc. data)   RO Data    RW Data    ZI Data      Debug   

     18024       1508        340         56      10112     579757   Grand Totals
     18024       1508        340         56      10112     579757   ELF Image Totals
     18024       1508        340         56          0          0   ROM Totals

==============================================================================

    Total RO  Size (Code + RO Data)                18364 (  17.93kB)
    Total RW  Size (RW Data + ZI Data)             10168 (   9.93kB)
    Total ROM Size (Code + RO Data + RW Data)      18420 (  17.99kB)

==============================================================================

